[tienda.deluxezone.net/index.html]
[external.html]
[backblue.gif]
[fade.gif]
[index.html]
[dunb17ur4ymx4.cloudfront.net/webstore/favicons/2ac201cfc2a364a1eb424e2e24854a404d38688e.png]
[cdn.tebex.io/webstore/924789/images/924789-d0842c0444d790551350087d1c3a407f64641a89.jpg]
[cdn.jsdelivr.net/gh/rosu-catalin/deluxecdn@latest/style.min.css]
[cdnjs.cloudflare.com/ajax/libs/font-awesome/5.14.0/css/all.min.css]
[cdnjs.cloudflare.com/ajax/libs/MaterialDesign-Webfont/6.9.96/css/materialdesignicons.min.css]
[cdnjs.cloudflare.com/ajax/libs/izimodal/1.5.1/css/iziModal.min.css]
[cdnjs.cloudflare.com/ajax/libs/izitoast/1.4.0/css/iziToast.min.css]
[cdn.jsdelivr.net/npm/simplebar@latest/dist/simplebar.css]
[cdn.jsdelivr.net/npm/toastify-js/src/toastify.min.css]
[cdn.tebex.io/webstore/924789/images/924789-6fd8eacbf21ef9221f299f09267eb3e4d065e5b5.png]
[cdn.tebex.io/webstore/924789/images/924789-b7dc66193be99353e7b0509ec349ece787a7a14b.png]
[cdn.tebex.io/webstore/924789/images/924789-d7817dfbd939695623dc917bb134d7fb1d658ba1.png]
[cdn.tebex.io/webstore/924789/images/924789-2d90ef9a981112f62ac73d610b68e43296c29d0d.png]
[cdn.tebex.io/webstore/924789/images/924789-3af17e1228bb377098fefc4f49881bdcdf0c2343.png]
[cdn.tebex.io/webstore/924789/images/924789-5144a605e69fc332bf762261c87bd06600fa67ec.png]
[cdn.tebex.io/webstore/924789/images/924789-445807677da851728ec0cf952ff1d976fb49f071.png]
[tienda.deluxezone.net/index741e.html]
[tienda.deluxezone.net/index06e8.html]
[tienda.deluxezone.net/index3a16.html]
[tienda.deluxezone.net/index8e83.html]
[tienda.deluxezone.net/indexde9d.html]
[minotar.net/avatar/MHF_Question/32.png]
[tienda.deluxezone.net/index8f22.html]
[tienda.deluxezone.net/index3dc6.html]
[dunb17ur4ymx4.cloudfront.net/webstore/logos/1bd723c4e8110e7d1776a1e063e1c5aa0dc8aabe.png]
[tienda.deluxezone.net/indexdc8f.html]
[tienda.deluxezone.net/index5d1e.html]
[tienda.deluxezone.net/category/rangos-globales.html]
[tienda.deluxezone.net/indexbfa2.html]
[tienda.deluxezone.net/index0307.html]
[tienda.deluxezone.net/category/rangos-survivalop.html]
[tienda.deluxezone.net/category/rangos-earth.html]
[tienda.deluxezone.net/category/rangos-clashroyale.html]
[tienda.deluxezone.net/category/rangos-skyblockop.html]
[tienda.deluxezone.net/category/rangos-semivanilla.html]
[tienda.deluxezone.net/category/practice.html]
[tienda.deluxezone.net/category/ffanetherite.html]
[tienda.deluxezone.net/category/donacion.html]
[tienda.deluxezone.net/category/ascensos.html]
[tienda.deluxezone.net/category/itemsexclusivos-survival.html]
[tienda.deluxezone.net/category/plus-survivalop.html]
[tienda.deluxezone.net/category/kits-survivalop.html]
[tienda.deluxezone.net/category/monedas-survivalop.html]
[tienda.deluxezone.net/category/llaves-1.html]
[tienda.deluxezone.net/category/spawner-survivalop.html]
[tienda.deluxezone.net/category/protecciones-survivalop.html]
[tienda.deluxezone.net/category/mochilas-survivalop.html]
[tienda.deluxezone.net/category/tags-survivalop.html]
[tienda.deluxezone.net/category/sets.html]
[tienda.deluxezone.net/category/itemsexclusivos-earth.html]
[tienda.deluxezone.net/category/vehiculos.html]
[tienda.deluxezone.net/category/plus-earth.html]
[tienda.deluxezone.net/category/kits-earth.html]
[tienda.deluxezone.net/category/mascotas-earth.html]
[tienda.deluxezone.net/category/monedas-earth.html]
[tienda.deluxezone.net/category/llaves-earth.html]
[tienda.deluxezone.net/category/spawners-earth.html]
[tienda.deluxezone.net/category/mochilas-earth.html]
[tienda.deluxezone.net/category/tags-earth.html]
[tienda.deluxezone.net/category/itemexclusivos-skyblock.html]
[tienda.deluxezone.net/category/plus-skyblockop.html]
[tienda.deluxezone.net/category/kits-skyblockop.html]
[tienda.deluxezone.net/category/mascotas-skyblockop.html]
[tienda.deluxezone.net/category/monedas-skyblockop.html]
[tienda.deluxezone.net/category/llaves-skyblockop.html]
[tienda.deluxezone.net/category/spawners-skyblockop.html]
[tienda.deluxezone.net/category/mochilas-skyblockop.html]
[tienda.deluxezone.net/category/tags-skyblockop.html]
[tienda.deluxezone.net/category/plus-semivanilla.html]
[tienda.deluxezone.net/category/kits-semivanilla.html]
[tienda.deluxezone.net/category/mascotas.html]
[tienda.deluxezone.net/category/monedas-semivanilla.html]
[tienda.deluxezone.net/category/llaves-semivanilla.html]
[tienda.deluxezone.net/category/spawners-semivanilla.html]
[tienda.deluxezone.net/category/protecciones-semivanilla.html]
[tienda.deluxezone.net/category/mochilas-semivanilla.html]
[tienda.deluxezone.net/category/tags-semivanilla.html]
[tienda.deluxezone.net/category/items-exclusi-1.html]
[tienda.deluxezone.net/category/kits-1.html]
[tienda.deluxezone.net/category/monedas-1.html]
[tienda.deluxezone.net/category/llaves-2.html]
[tienda.deluxezone.net/category/mochilas-1.html]
[tienda.deluxezone.net/category/tags-1.html]
[minotar.net/avatar/Yasuo1080/64.png]
[minotar.net/avatar/KiingV12/64.png]
[minotar.net/avatar/Deitan_Arcangel/64.png]
[minotar.net/avatar/frexcero/64.png]
[minotar.net/avatar/Twash101_/64.png]
[minotar.net/avatar/Decko/64.png]
[minotar.net/avatar/C0fee_/64.png]
[minotar.net/avatar/Sadclown19341/64.png]
[minotar.net/avatar/benja2616/64.png]
[minotar.net/avatar/SoftEther_/64.png]
[minotar.net/avatar/DaddyAlvaroh_/64.png]
[minotar.net/avatar/zHoraCero_/64.png]
[minotar.net/avatar/ERMITANO_247/64.png]
[minotar.net/avatar/AdrianRvFv/64.png]
[minotar.net/avatar/zolokoa/64.png]
[minotar.net/avatar/owensandoval/64.png]
[minotar.net/avatar/LefireIm/64.png]
[minotar.net/avatar/crisfrefunado/64.png]
[minotar.net/avatar/Decko/38.png]
[tienda.deluxezone.net/metodosdepago.html]
[tienda.deluxezone.net/padres.html]
[tienda.deluxezone.net/terms.html]
[tienda.deluxezone.net/terms/impressum.html]
[tienda.deluxezone.net/tebex-privacy.html]
[tienda.deluxezone.net/templates/209/js/bootstrap.min.js]
[cdnjs.cloudflare.com/ajax/libs/jquery/3.5.1/jquery.min.js]
[tienda.deluxezone.net/templates/209/js/skin.min.js]
[tienda.deluxezone.net/templates/209/js/site.js]
[cdnjs.cloudflare.com/ajax/libs/sweetalert/2.1.2/sweetalert.min.js]
[cdnjs.cloudflare.com/ajax/libs/izimodal/1.5.1/js/iziModal.min.js]
[unpkg.com/axios@1.0.0/dist/axios.min.js]
[cdn.jsdelivr.net/npm/simplebar@latest/dist/simplebar.js]
[tienda.deluxezone.net/assets/js/discord.js]
[tienda.deluxezone.net/assets/img/tebex-dark.png]
[tienda.deluxezone.net/terms/checkout.html]
[tienda.deluxezone.net/terms/privacy.html]
[tienda.deluxezone.net/index.html]
[sdk.nsureapi.com/sdk.js]
[fonts.googleapis.com/css2b1db.css]
[tienda.deluxezone.net/index741e.html]
[tienda.deluxezone.net/index3a16.html]
[tienda.deluxezone.net/index06e8.html]
[tienda.deluxezone.net/index8e83.html]
[tienda.deluxezone.net/indexde9d.html]
[tienda.deluxezone.net/index3dc6.html]
[tienda.deluxezone.net/index8f22.html]
[tienda.deluxezone.net/indexdc8f.html]
[tienda.deluxezone.net/indexbfa2.html]
[tienda.deluxezone.net/index5d1e.html]
[tienda.deluxezone.net/index0307.html]
[tienda.deluxezone.net/category/rangos-globales741e.html]
[tienda.deluxezone.net/category/rangos-globales3a16.html]
[tienda.deluxezone.net/category/rangos-globales06e8.html]
[tienda.deluxezone.net/category/rangos-globales8e83.html]
[tienda.deluxezone.net/category/rangos-globalesde9d.html]
[tienda.deluxezone.net/category/rangos-globales3dc6.html]
[tienda.deluxezone.net/category/rangos-globales8f22.html]
[tienda.deluxezone.net/category/rangos-globalesdc8f.html]
[tienda.deluxezone.net/category/rangos-globalesbfa2.html]
[tienda.deluxezone.net/category/rangos-globales5d1e.html]
[dunb17ur4ymx4.cloudfront.net/packages/images/90821d8cddd4080d5429b2b7e0f458e93b66d2f2.png]
[dunb17ur4ymx4.cloudfront.net/packages/images/0c6e76dd96be0acb9e0dbb4a0e4353a0ab392dfd.png]
[dunb17ur4ymx4.cloudfront.net/packages/images/9ff25c2453dbfbe045ee43252e09f37bcb856d78.png]
[tienda.deluxezone.net/category/rangos-globales0307.html]
[tienda.deluxezone.net/checkout/packages/add/4399234/single.html]
[tienda.deluxezone.net/checkout/packages/add/4399276/single.html]
[dunb17ur4ymx4.cloudfront.net/packages/images/ada66f4aff5478fa1748d5344175ab78d0f85585.png]
[dunb17ur4ymx4.cloudfront.net/packages/images/b2dbd2073d58a99280fb2b2ec1f6e12880224cdf.png]
[tienda.deluxezone.net/category/rangos-globales.html]
[tienda.deluxezone.net/checkout/packages/add/4399345/single.html]
[tienda.deluxezone.net/checkout/packages/add/4399363/single.html]
[tienda.deluxezone.net/checkout/packages/add/4399374/single.html]
[tienda.deluxezone.net/category/rangos-survivalop741e.html]
[tienda.deluxezone.net/category/rangos-survivalop3a16.html]
[tienda.deluxezone.net/category/rangos-survivalop06e8.html]
[tienda.deluxezone.net/category/rangos-survivalop8e83.html]
[tienda.deluxezone.net/category/rangos-survivalopde9d.html]
[tienda.deluxezone.net/category/rangos-survivalop3dc6.html]
[tienda.deluxezone.net/category/rangos-survivalop8f22.html]
[tienda.deluxezone.net/category/rangos-survivalopdc8f.html]
[tienda.deluxezone.net/category/rangos-survivalopbfa2.html]
[dunb17ur4ymx4.cloudfront.net/packages/images/bc63b2d582820ca92158f59496928a1f2cb15f4a.png]
[dunb17ur4ymx4.cloudfront.net/packages/images/92088c1df4f9078f2425f9bd067659bf5138b1a7.png]
[dunb17ur4ymx4.cloudfront.net/packages/images/734328d43d5fd784722bbc31a27255a3f5c8ef28.png]
[dunb17ur4ymx4.cloudfront.net/packages/images/613e43bdacbdc633967d717cc2b875169c300d9b.png]
[dunb17ur4ymx4.cloudfront.net/packages/images/11bff0b09ffe80f43044c49e63cc6c5267f04846.png]
[dunb17ur4ymx4.cloudfront.net/packages/images/80b0d6b5eb317a9e6dc2aa2cf5765ce477ed2a71.png]
[dunb17ur4ymx4.cloudfront.net/packages/images/a9287d4740306091925ddd0636e0635edbce0614.png]
[tienda.deluxezone.net/category/rangos-survivalop.html]
[tienda.deluxezone.net/category/rangos-earth.html]
[tienda.deluxezone.net/category/rangos-clashroyale.html]
[tienda.deluxezone.net/category/rangos-skyblockop.html]
[dunb17ur4ymx4.cloudfront.net/packages/images/de54b9c622ac365c95deef79eb0f786576c3251d.png]
[dunb17ur4ymx4.cloudfront.net/packages/images/16f6212c9fc227a7b8659101e52ba2bf47b3bd3d.png]
[dunb17ur4ymx4.cloudfront.net/packages/images/6d1ccde007c98301190155f0bb5c4e501a68783e.png]
[dunb17ur4ymx4.cloudfront.net/packages/images/249066aa9fa10c4ab038163558c6cbdc7e121403.png]
[dunb17ur4ymx4.cloudfront.net/packages/images/66d5c7dc93683c3cb7acc0069703ee79e2439d94.png]
[dunb17ur4ymx4.cloudfront.net/packages/images/e5cb25d94517accbf134755827e516b8454576fb.png]
[dunb17ur4ymx4.cloudfront.net/packages/images/3e804ca37142057e6cf50d5857ed36d8b381ee79.png]
[tienda.deluxezone.net/category/rangos-semivanilla.html]
[dunb17ur4ymx4.cloudfront.net/packages/images/28e18433da6f6f2b45872644799b4ee9819d96a5.jpg]
[dunb17ur4ymx4.cloudfront.net/packages/images/ec15d13a332d11a245c4d38d4d4b34636ed95c6e.jpg]
[tienda.deluxezone.net/category/practice.html]
[dunb17ur4ymx4.cloudfront.net/packages/images/31150169fed274cea7974a03b228df877e6c42eb.jpg]
[dunb17ur4ymx4.cloudfront.net/packages/images/5aa04dcbcc5c1a513f7502055d0b4d898a8ccf99.jpg]
[dunb17ur4ymx4.cloudfront.net/packages/images/6110a8abd10a4bda5e2bd45ef85972c3b16ecfe9.jpg]
[tienda.deluxezone.net/category/ffanetherite.html]
[dunb17ur4ymx4.cloudfront.net/packages/images/25ce417a4fc94d1de5745c659347dffd0bbd48eb.png]
[tienda.deluxezone.net/category/donacion.html]
[dunb17ur4ymx4.cloudfront.net/packages/images/a2fe8f4b679d853e2d9a1d1d377ccb0fb546ec63.png]
[dunb17ur4ymx4.cloudfront.net/packages/images/87283499967cbae694d745be45a664bc786961c0.png]
[dunb17ur4ymx4.cloudfront.net/packages/images/9f383928245cce2a3625542690b7bc114b4f5404.png]
[dunb17ur4ymx4.cloudfront.net/packages/images/a45bc394b7b04ab08fdee902a92c1612d5d9c52f.png]
[tienda.deluxezone.net/category/ascensos.html]
[dunb17ur4ymx4.cloudfront.net/packages/images/1bd28dfc4d5326733263449a9d2bbfd2057e8e70.jpg]
[dunb17ur4ymx4.cloudfront.net/packages/images/c03cb8b57034bc30ba8aa7e5c732c977c30bb410.jpg]
[dunb17ur4ymx4.cloudfront.net/packages/images/3b3cff590f3be941343a7df2c2b525192294a7bc.jpg]
[dunb17ur4ymx4.cloudfront.net/packages/images/7fb398cf31a6bc08903eb3c3a1c75031aa52634b.jpg]
[dunb17ur4ymx4.cloudfront.net/packages/images/538b9410f4e1e25756be8cb0b39e9159020c3d94.png]
[dunb17ur4ymx4.cloudfront.net/packages/images/3956d9b1f931f8c6d5345d3fbc6d4514e31e01dd.png]
[dunb17ur4ymx4.cloudfront.net/packages/images/ed6c6ef36b36ad59b5068670c84d211ac37dc73b.png]
[dunb17ur4ymx4.cloudfront.net/packages/images/282e9d11ec6d8be27a5323429e68ca4c2b74294f.jpg]
[dunb17ur4ymx4.cloudfront.net/packages/images/5122f87f7bb5d658ddb93b14ae2038dad832f683.jpg]
[dunb17ur4ymx4.cloudfront.net/packages/images/95535ecda1fe4aa8f2bbd03de4303fe0db13f577.jpg]
[dunb17ur4ymx4.cloudfront.net/packages/images/40c4fb2e9701f58bf997c0d152ab4300eb0fff97.jpg]
[tienda.deluxezone.net/category/itemsexclusivos-survival.html]
[dunb17ur4ymx4.cloudfront.net/packages/images/51f99f6669d0465c65d34dcb5555fdf8cd15db37.png]
[dunb17ur4ymx4.cloudfront.net/packages/images/593a4d4e282b489a64b6c1bfa3ce629aae82d1b8.png]
[dunb17ur4ymx4.cloudfront.net/packages/images/5132d93b8750a29db59afc982ab08a47e0cf7877.png]
[dunb17ur4ymx4.cloudfront.net/packages/images/99b48a168b15de50d9bca6cb3ae9c151dfc3b280.png]
[tienda.deluxezone.net/category/plus-survivalop.html]
[tienda.deluxezone.net/category/kits-survivalop.html]
[dunb17ur4ymx4.cloudfront.net/packages/images/783054e13f29c0ef3a0327c9f83b147d86d72607.png]
[dunb17ur4ymx4.cloudfront.net/packages/images/7d00d91c41f46975c75369b54c4bd2bb5966826b.png]
[dunb17ur4ymx4.cloudfront.net/packages/images/1acba90afc64f64c5dec67dadae2f42e115867a2.png]
[tienda.deluxezone.net/category/monedas-survivalop.html]
[tienda.deluxezone.net/category/llaves-1.html]
[dunb17ur4ymx4.cloudfront.net/packages/images/5e0469b331ebfe28811a48147d9d27a030e6f7f6.png]
[dunb17ur4ymx4.cloudfront.net/packages/images/fccbef48a8b7bcc08b965d8ebf1c34d7712662c0.png]
[dunb17ur4ymx4.cloudfront.net/packages/images/3289d7c6d12a4390db42a6712714329e091022e7.png]
[dunb17ur4ymx4.cloudfront.net/packages/images/82ab2f7a3e70967c416c94ff3780589cb8f603bf.png]
[dunb17ur4ymx4.cloudfront.net/packages/images/c11b35934d23a851698b43fed9522892ef4969de.png]
[tienda.deluxezone.net/category/spawner-survivalop.html]
[dunb17ur4ymx4.cloudfront.net/packages/images/01d7dabdf0598d69e6b63f5f43f94f0d6935b4c7.png]
[dunb17ur4ymx4.cloudfront.net/packages/images/dac7903eadab41bff14b4d9fc6f185cdb9eb4d82.png]
[dunb17ur4ymx4.cloudfront.net/packages/images/689406efad3f1133946a3ebd7f18e3361bfd8186.png]
[tienda.deluxezone.net/category/protecciones-survivalop.html]
[dunb17ur4ymx4.cloudfront.net/packages/images/97162ba2d7908a3add56dd18be1687adec493df9.jpg]
[tienda.deluxezone.net/category/mochilas-survivalop.html]
[dunb17ur4ymx4.cloudfront.net/packages/images/5f3e98035327c0d73860601445168cb2d5de0927.png]
[dunb17ur4ymx4.cloudfront.net/packages/images/5872a0bcd07af30108a43f3c08b21cdfe9eb16ba.png]
[tienda.deluxezone.net/category/tags-survivalop.html]
[dunb17ur4ymx4.cloudfront.net/packages/images/c32496e02c491556a93ed1cca696e973bd6eb775.png]
[dunb17ur4ymx4.cloudfront.net/packages/images/5261f42185c5570423dd23b2353e3a0f5dc9d7c3.png]
[dunb17ur4ymx4.cloudfront.net/packages/images/a9de6b7d1825258a0a04bb8df4ac86708960b0e9.png]
[dunb17ur4ymx4.cloudfront.net/packages/images/76ae13b6980223ea1f384b0d19db955aaa7b70e0.jpg]
[dunb17ur4ymx4.cloudfront.net/packages/images/4a3de18340cb9ae4e97cf0e48d3986aa5eb14a9a.jpg]
[dunb17ur4ymx4.cloudfront.net/packages/images/5ab79acc1062a1ad3a17cf7065f527e174a23602.png]
[tienda.deluxezone.net/category/sets.html]
[dunb17ur4ymx4.cloudfront.net/packages/images/8336390a3f75aa83f10a24996fef2a23d4405bc7.jpg]
[dunb17ur4ymx4.cloudfront.net/packages/images/186d26e1c9157fe92ca4fc479a2ae4a75b4036da.png]
[dunb17ur4ymx4.cloudfront.net/packages/images/1c13e984b86d2dc4a1060c64a05814fffd65439a.jpg]
[tienda.deluxezone.net/category/itemsexclusivos-earth.html]
[dunb17ur4ymx4.cloudfront.net/packages/images/cf4642334294de0446d894fe7caabf1342bdadd0.png]
[dunb17ur4ymx4.cloudfront.net/packages/images/b6fdb81f5499e4992f746542fb4fed74eeb351b2.jpg]
[dunb17ur4ymx4.cloudfront.net/packages/images/e4cd90fc80424f74a16fa69d2a3fd97e01e16eec.jpg]
[dunb17ur4ymx4.cloudfront.net/packages/images/a065810a2eee74c2b787569db3714b12b8582b0f.jpg]
[dunb17ur4ymx4.cloudfront.net/packages/images/8111aabf1a89de0a8dda668efbd921fab143628c.jpg]
[dunb17ur4ymx4.cloudfront.net/packages/images/08646d41889b9c8d238730c23bc911fb2b0e25e7.jpg]
[dunb17ur4ymx4.cloudfront.net/packages/images/1e870820a168e02307fe970f56ceffb07446b4df.jpg]
[dunb17ur4ymx4.cloudfront.net/packages/images/28c2119f588d73fb46131c769d9f11e5e1adc886.jpg]
[dunb17ur4ymx4.cloudfront.net/packages/images/c476319115fa527381a5d1166ff9ff27fbb450a8.jpg]
[dunb17ur4ymx4.cloudfront.net/packages/images/1a2030f4dc72fc5d2b19a2f649a8c15f731ae4e4.jpg]
[dunb17ur4ymx4.cloudfront.net/packages/images/14067337f974fefbf47dba0b02737b8018c5164b.jpg]
[dunb17ur4ymx4.cloudfront.net/packages/images/e2ad972a3d390f29a8c7edbabe016e6af4506088.jpg]
[tienda.deluxezone.net/category/vehiculos.html]
[tienda.deluxezone.net/category/plus-earth.html]
[tienda.deluxezone.net/category/kits-earth.html]
[dunb17ur4ymx4.cloudfront.net/packages/images/da3e99bc4b8f68c5811de2191c40eaeda42de389.png]
[dunb17ur4ymx4.cloudfront.net/packages/images/4b18783354d3a3546726913de72c10d1fbc71146.png]
[dunb17ur4ymx4.cloudfront.net/packages/images/db0156cab1442a42d707b0b5b7a73b901991cbe8.png]
[dunb17ur4ymx4.cloudfront.net/packages/images/445cb01e1cab3c8c5dc0741a7620b801cf5f9675.png]
[dunb17ur4ymx4.cloudfront.net/packages/images/d6b6ff216f800720bee89185043be7fc71d82004.jpg]
[dunb17ur4ymx4.cloudfront.net/packages/images/acb53d4b15db2ad1038690233b5745581485b5f2.jpg]
[dunb17ur4ymx4.cloudfront.net/packages/images/8da0200440ae961c7e21c8b2f4d5d207b2d39775.jpg]
[dunb17ur4ymx4.cloudfront.net/packages/images/5d492fba6e61da831c7b7a11c5b7dd1333957b7c.jpg]
[dunb17ur4ymx4.cloudfront.net/packages/images/8da36603775cb123d7ed00fa9b7b4b01d49a24c5.jpg]
[dunb17ur4ymx4.cloudfront.net/packages/images/03f579a2e4f54cd2dcee3433effb768cc09123bc.jpg]
[dunb17ur4ymx4.cloudfront.net/packages/images/27cadd559f5be4292a005cac1f9b65d34e8f3802.jpg]
[dunb17ur4ymx4.cloudfront.net/packages/images/1d02107b01c3af6021750b9230c03a46771693ff.jpg]
[tienda.deluxezone.net/category/mascotas-earth.html]
[tienda.deluxezone.net/category/monedas-earth.html]
[tienda.deluxezone.net/category/llaves-earth.html]
[tienda.deluxezone.net/category/spawners-earth.html]
[dunb17ur4ymx4.cloudfront.net/packages/images/bb893c6631bdb45d50a7de01cd921f4af1110ca0.jpg]
[tienda.deluxezone.net/category/mochilas-earth.html]
[tienda.deluxezone.net/category/tags-earth.html]
[dunb17ur4ymx4.cloudfront.net/packages/images/2fba9bb276191866c53eee76f41dd0ab01cd379a.jpg]
[dunb17ur4ymx4.cloudfront.net/packages/images/0f8d1988272956eca51a8b66d4962f7b2281e712.jpg]
[dunb17ur4ymx4.cloudfront.net/packages/images/5351dcceae4505c8d6c7d323f677669ed3af84c5.jpg]
[dunb17ur4ymx4.cloudfront.net/packages/images/1acacae27b4dc0ff9873fcb0851b8cf0e5520b7d.jpg]
[tienda.deluxezone.net/category/itemexclusivos-skyblock.html]
[dunb17ur4ymx4.cloudfront.net/packages/images/96070208d8e7ed10ecc727c86687d9e5184e5268.png]
[dunb17ur4ymx4.cloudfront.net/packages/images/02d50889f2574f3ab27b214e37ae5a5ded86b109.png]
[dunb17ur4ymx4.cloudfront.net/packages/images/b27c6e6f333ff5da31df309d211e2451237df06d.png]
[dunb17ur4ymx4.cloudfront.net/packages/images/7e8811d4230042628bc693cb991c340adad1dce3.png]
[tienda.deluxezone.net/category/plus-skyblockop.html]
[tienda.deluxezone.net/category/kits-skyblockop.html]
[tienda.deluxezone.net/category/mascotas-skyblockop.html]
[tienda.deluxezone.net/category/monedas-skyblockop.html]
[tienda.deluxezone.net/category/llaves-skyblockop.html]
[tienda.deluxezone.net/category/spawners-skyblockop.html]
[dunb17ur4ymx4.cloudfront.net/packages/images/1f7ef88e26651bc9b0ec5f90f7d9fb1e113d3e0d.jpg]
[tienda.deluxezone.net/category/mochilas-skyblockop.html]
[tienda.deluxezone.net/category/tags-skyblockop.html]
[dunb17ur4ymx4.cloudfront.net/packages/images/236449d7e2348b1802381c32f0f779afdaf47997.png]
[dunb17ur4ymx4.cloudfront.net/packages/images/ff221a247a4d0cae4f3ade583b318221b5a101ba.png]
[dunb17ur4ymx4.cloudfront.net/packages/images/21e1f1b58f39fd138ebc4d94015628114942a193.png]
[dunb17ur4ymx4.cloudfront.net/packages/images/af7b6b8f7c8e3fbc5712c327f84b2ec57b54b3f5.png]
[tienda.deluxezone.net/category/plus-semivanilla.html]
[tienda.deluxezone.net/category/kits-semivanilla.html]
[tienda.deluxezone.net/category/mascotas.html]
[dunb17ur4ymx4.cloudfront.net/packages/images/e45e06b5f24b6b1b082107a09593bebc967e3623.png]
[dunb17ur4ymx4.cloudfront.net/packages/images/6cad9f4c60aa7da6fefbbf0055080892e420455c.png]
[dunb17ur4ymx4.cloudfront.net/packages/images/1dbf76bff45fbd77eb9818420e0e8a00d0694d52.png]
[tienda.deluxezone.net/category/monedas-semivanilla.html]
[tienda.deluxezone.net/category/llaves-semivanilla.html]
[tienda.deluxezone.net/category/spawners-semivanilla.html]
[dunb17ur4ymx4.cloudfront.net/packages/images/f927dbae11feec6bdd1973e66f64776768e6b818.png]
[dunb17ur4ymx4.cloudfront.net/packages/images/3e6c657a4be49117f686ac4ae9d4f1143765afdc.png]
[tienda.deluxezone.net/category/protecciones-semivanilla.html]
[dunb17ur4ymx4.cloudfront.net/packages/images/596c9982c48bd9170aae303f84d1ddf62ce4d815.jpg]
[tienda.deluxezone.net/category/mochilas-semivanilla.html]
[tienda.deluxezone.net/category/tags-semivanilla.html]
[dunb17ur4ymx4.cloudfront.net/packages/images/e97954aee9f45b5dda1f36af10347ed09fb0131b.png]
[tienda.deluxezone.net/category/items-exclusi-1.html]
[tienda.deluxezone.net/category/kits-1.html]
[tienda.deluxezone.net/category/monedas-1.html]
[dunb17ur4ymx4.cloudfront.net/packages/images/ec5407e9d4979172aca4184eb1a7ca7fd186990c.png]
[dunb17ur4ymx4.cloudfront.net/packages/images/dcb39d4b4668b6b2fa5f686ed55c8d4dcf7fa82c.png]
[dunb17ur4ymx4.cloudfront.net/packages/images/8ccc11646932b820d230e4fdae1052549481d7ed.png]
[dunb17ur4ymx4.cloudfront.net/packages/images/f145ba05cb36d6b64ac02af82822f69f766af206.png]
[dunb17ur4ymx4.cloudfront.net/packages/images/56cc0bb46289cd8f09a2410d4b10279587a993ab.png]
[tienda.deluxezone.net/category/llaves-2.html]
[dunb17ur4ymx4.cloudfront.net/packages/images/4d6581acdea3418b55ec1ea6c01f49bc1d66fa2a.jpg]
[tienda.deluxezone.net/category/mochilas-1.html]
[tienda.deluxezone.net/category/tags-1.html]
[dunb17ur4ymx4.cloudfront.net/wysiwyg/924789/ab3e613ab6d3eb351a46fdae3fd7594e59c2eb37.png]
[tienda.deluxezone.net/metodosdepago.html]
[tienda.deluxezone.net/padres.html]
[tienda.deluxezone.net/terms.html]
[tienda.deluxezone.net/terms/impressum.html]
[tienda.deluxezone.net/tebex-privacy.html]
[tienda.deluxezone.net/terms/checkout.html]
[tienda.deluxezone.net/terms/privacy.html]
[tienda.deluxezone.net/category/rangos-globales741e.html]
[tienda.deluxezone.net/category/rangos-globales3a16.html]
[tienda.deluxezone.net/category/rangos-globales06e8.html]
[tienda.deluxezone.net/category/rangos-globales8e83.html]
[tienda.deluxezone.net/category/rangos-globalesde9d.html]
[tienda.deluxezone.net/category/rangos-globales3dc6.html]
[tienda.deluxezone.net/category/rangos-globales8f22.html]
[tienda.deluxezone.net/category/rangos-globalesdc8f.html]
[tienda.deluxezone.net/category/rangos-globalesbfa2.html]
[tienda.deluxezone.net/category/rangos-globales5d1e.html]
[tienda.deluxezone.net/category/rangos-globales0307.html]
[tienda.deluxezone.net/checkout/packages/add/4399234/single.html]
[tienda.deluxezone.net/checkout/packages/add/4399276/single.html]
[tienda.deluxezone.net/checkout/packages/add/4399345/single.html]
[tienda.deluxezone.net/checkout/packages/add/4399363/single.html]
[tienda.deluxezone.net/checkout/packages/add/4399374/single.html]
[tienda.deluxezone.net/category/rangos-survivalop741e.html]
[tienda.deluxezone.net/category/rangos-survivalop3a16.html]
[tienda.deluxezone.net/category/rangos-survivalop06e8.html]
[tienda.deluxezone.net/category/rangos-survivalop8e83.html]
[tienda.deluxezone.net/category/rangos-survivalopde9d.html]
[tienda.deluxezone.net/category/rangos-survivalop3dc6.html]
[tienda.deluxezone.net/category/rangos-survivalop8f22.html]
[tienda.deluxezone.net/category/rangos-survivalopdc8f.html]
[tienda.deluxezone.net/category/rangos-survivalopbfa2.html]
[tienda.deluxezone.net/category/rangos-survivalop5d1e.html]
[tienda.deluxezone.net/category/rangos-survivalop0307.html]
[tienda.deluxezone.net/checkout/packages/add/4828762/single.html]
[tienda.deluxezone.net/checkout/packages/add/4828764/single.html]
[tienda.deluxezone.net/checkout/packages/add/4242105/single.html]
[tienda.deluxezone.net/checkout/packages/add/4242172/single.html]
[tienda.deluxezone.net/checkout/packages/add/4242183/single.html]
[tienda.deluxezone.net/checkout/packages/add/4242184/single.html]
[tienda.deluxezone.net/checkout/packages/add/4242185/single.html]
[tienda.deluxezone.net/category/rangos-earth741e.html]
[tienda.deluxezone.net/category/rangos-earth3a16.html]
[tienda.deluxezone.net/category/rangos-earth06e8.html]
[tienda.deluxezone.net/category/rangos-earth8e83.html]
[tienda.deluxezone.net/category/rangos-earthde9d.html]
[tienda.deluxezone.net/category/rangos-earth3dc6.html]
[tienda.deluxezone.net/category/rangos-earth8f22.html]
[tienda.deluxezone.net/category/rangos-earthdc8f.html]
[tienda.deluxezone.net/category/rangos-earthbfa2.html]
[tienda.deluxezone.net/category/rangos-earth5d1e.html]
[tienda.deluxezone.net/category/rangos-earth0307.html]
[tienda.deluxezone.net/checkout/packages/add/5250206/single.html]
[tienda.deluxezone.net/checkout/packages/add/5250207/single.html]
[tienda.deluxezone.net/checkout/packages/add/5250208/single.html]
[tienda.deluxezone.net/checkout/packages/add/5250209/single.html]
[tienda.deluxezone.net/checkout/packages/add/5250210/single.html]
[tienda.deluxezone.net/checkout/packages/add/5250211/single.html]
[tienda.deluxezone.net/checkout/packages/add/5250212/single.html]
[tienda.deluxezone.net/category/rangos-clashroyale741e.html]
[tienda.deluxezone.net/category/rangos-clashroyale3a16.html]
[tienda.deluxezone.net/category/rangos-clashroyale06e8.html]
[tienda.deluxezone.net/category/rangos-clashroyale8e83.html]
[tienda.deluxezone.net/category/rangos-clashroyalede9d.html]
[tienda.deluxezone.net/category/rangos-clashroyale3dc6.html]
[tienda.deluxezone.net/category/rangos-clashroyale8f22.html]
[tienda.deluxezone.net/category/rangos-clashroyaledc8f.html]
[tienda.deluxezone.net/category/rangos-clashroyalebfa2.html]
[tienda.deluxezone.net/category/rangos-clashroyale5d1e.html]
[tienda.deluxezone.net/category/rangos-clashroyale0307.html]
[tienda.deluxezone.net/checkout/packages/add/6366723/single.html]
[tienda.deluxezone.net/checkout/packages/add/6366724/single.html]
[tienda.deluxezone.net/checkout/packages/add/6366725/single.html]
[tienda.deluxezone.net/checkout/packages/add/6366726/single.html]
[tienda.deluxezone.net/checkout/packages/add/6366727/single.html]
[tienda.deluxezone.net/checkout/packages/add/6366728/single.html]
[tienda.deluxezone.net/checkout/packages/add/6366729/single.html]
[tienda.deluxezone.net/category/rangos-skyblockop741e.html]
[tienda.deluxezone.net/category/rangos-skyblockop3a16.html]
[tienda.deluxezone.net/category/rangos-skyblockop06e8.html]
[tienda.deluxezone.net/category/rangos-skyblockop8e83.html]
[tienda.deluxezone.net/category/rangos-skyblockopde9d.html]
[tienda.deluxezone.net/category/rangos-skyblockop3dc6.html]
[tienda.deluxezone.net/category/rangos-skyblockop8f22.html]
[tienda.deluxezone.net/category/rangos-skyblockopdc8f.html]
[tienda.deluxezone.net/category/rangos-skyblockopbfa2.html]
[tienda.deluxezone.net/category/rangos-skyblockop5d1e.html]
[tienda.deluxezone.net/category/rangos-skyblockop0307.html]
[tienda.deluxezone.net/checkout/packages/add/5038627/single.html]
[tienda.deluxezone.net/checkout/packages/add/5038628/single.html]
[tienda.deluxezone.net/checkout/packages/add/5038629/single.html]
[tienda.deluxezone.net/checkout/packages/add/5038630/single.html]
[tienda.deluxezone.net/checkout/packages/add/5038631/single.html]
[tienda.deluxezone.net/checkout/packages/add/5038632/single.html]
[tienda.deluxezone.net/checkout/packages/add/5038633/single.html]
[tienda.deluxezone.net/category/rangos-semivanilla741e.html]
[tienda.deluxezone.net/category/rangos-semivanilla3a16.html]
[tienda.deluxezone.net/category/rangos-semivanilla06e8.html]
[tienda.deluxezone.net/category/rangos-semivanilla8e83.html]
[tienda.deluxezone.net/category/rangos-semivanillade9d.html]
[tienda.deluxezone.net/category/rangos-semivanilla3dc6.html]
[tienda.deluxezone.net/category/rangos-semivanilla8f22.html]
[tienda.deluxezone.net/category/rangos-semivanilladc8f.html]
[tienda.deluxezone.net/category/rangos-semivanillabfa2.html]
[tienda.deluxezone.net/category/rangos-semivanilla5d1e.html]
[tienda.deluxezone.net/category/rangos-semivanilla0307.html]
[tienda.deluxezone.net/checkout/packages/add/4916531/single.html]
[tienda.deluxezone.net/checkout/packages/add/4916532/single.html]
[tienda.deluxezone.net/checkout/packages/add/4379464/single.html]
[tienda.deluxezone.net/checkout/packages/add/4379465/single.html]
[tienda.deluxezone.net/checkout/packages/add/4379466/single.html]
[tienda.deluxezone.net/checkout/packages/add/4379467/single.html]
[tienda.deluxezone.net/checkout/packages/add/4379468/single.html]
[tienda.deluxezone.net/category/practice741e.html]
[tienda.deluxezone.net/category/practice3a16.html]
[tienda.deluxezone.net/category/practice06e8.html]
[tienda.deluxezone.net/category/practice8e83.html]
[tienda.deluxezone.net/category/practicede9d.html]
[tienda.deluxezone.net/category/practice3dc6.html]
[tienda.deluxezone.net/category/practice8f22.html]
[tienda.deluxezone.net/category/practicedc8f.html]
[tienda.deluxezone.net/category/practicebfa2.html]
[tienda.deluxezone.net/category/practice5d1e.html]
[tienda.deluxezone.net/category/practice0307.html]
[tienda.deluxezone.net/checkout/packages/add/5725025/single.html]
[tienda.deluxezone.net/checkout/packages/add/6106371/single.html]
[tienda.deluxezone.net/category/ffanetherite741e.html]
[tienda.deluxezone.net/category/ffanetherite3a16.html]
[tienda.deluxezone.net/category/ffanetherite06e8.html]
[tienda.deluxezone.net/category/ffanetherite8e83.html]
[tienda.deluxezone.net/category/ffanetheritede9d.html]
[tienda.deluxezone.net/category/ffanetherite3dc6.html]
[tienda.deluxezone.net/category/ffanetherite8f22.html]
[tienda.deluxezone.net/category/ffanetheritedc8f.html]
[tienda.deluxezone.net/category/ffanetheritebfa2.html]
[tienda.deluxezone.net/category/ffanetherite5d1e.html]
[tienda.deluxezone.net/category/ffanetherite0307.html]
[tienda.deluxezone.net/checkout/packages/add/6159654/single.html]
[tienda.deluxezone.net/checkout/packages/add/6159655/single.html]
[tienda.deluxezone.net/checkout/packages/add/6159668/single.html]
[tienda.deluxezone.net/checkout/packages/add/6159672/single.html]
[tienda.deluxezone.net/category/donacion741e.html]
[tienda.deluxezone.net/category/donacion3a16.html]
[tienda.deluxezone.net/category/donacion06e8.html]
[tienda.deluxezone.net/category/donacion8e83.html]
[tienda.deluxezone.net/category/donacionde9d.html]
[tienda.deluxezone.net/category/donacion3dc6.html]
[tienda.deluxezone.net/category/donacion8f22.html]
[tienda.deluxezone.net/category/donaciondc8f.html]
[tienda.deluxezone.net/category/donacionbfa2.html]
[tienda.deluxezone.net/category/donacion5d1e.html]
[tienda.deluxezone.net/category/donacion0307.html]
[tienda.deluxezone.net/checkout/packages/add/5739298/single.html]
[tienda.deluxezone.net/category/ascensos741e.html]
[tienda.deluxezone.net/category/ascensos3a16.html]
[tienda.deluxezone.net/category/ascensos06e8.html]
[tienda.deluxezone.net/category/ascensos8e83.html]
[tienda.deluxezone.net/category/ascensosde9d.html]
[tienda.deluxezone.net/category/ascensos3dc6.html]
[tienda.deluxezone.net/category/ascensos8f22.html]
[tienda.deluxezone.net/category/ascensosdc8f.html]
[tienda.deluxezone.net/category/ascensosbfa2.html]
[tienda.deluxezone.net/category/ascensos5d1e.html]
[tienda.deluxezone.net/category/ascensos0307.html]
[tienda.deluxezone.net/category/itemsexclusivos-survival741e.html]
[tienda.deluxezone.net/category/itemsexclusivos-survival3a16.html]
[tienda.deluxezone.net/category/itemsexclusivos-survival06e8.html]
[tienda.deluxezone.net/category/itemsexclusivos-survival8e83.html]
[tienda.deluxezone.net/category/itemsexclusivos-survivalde9d.html]
[tienda.deluxezone.net/category/itemsexclusivos-survival3dc6.html]
[tienda.deluxezone.net/category/itemsexclusivos-survival8f22.html]
[tienda.deluxezone.net/category/itemsexclusivos-survivaldc8f.html]
[tienda.deluxezone.net/category/itemsexclusivos-survivalbfa2.html]
[tienda.deluxezone.net/category/itemsexclusivos-survival5d1e.html]
[tienda.deluxezone.net/category/itemsexclusivos-survival0307.html]
[tienda.deluxezone.net/checkout/packages/add/5570865/single.html]
[tienda.deluxezone.net/checkout/packages/add/4921326/single.html]
[tienda.deluxezone.net/checkout/packages/add/5049754/single.html]
[tienda.deluxezone.net/checkout/packages/add/5155083/single.html]
[tienda.deluxezone.net/checkout/packages/add/6436925/single.html]
[tienda.deluxezone.net/checkout/packages/add/6418107/single.html]
[tienda.deluxezone.net/checkout/packages/add/6310429/single.html]
[tienda.deluxezone.net/checkout/packages/add/4985254/single.html]
[tienda.deluxezone.net/checkout/packages/add/6253563/single.html]
[tienda.deluxezone.net/checkout/packages/add/5249716/single.html]
[tienda.deluxezone.net/checkout/packages/add/5430021/single.html]
[tienda.deluxezone.net/category/plus-survivalop741e.html]
[tienda.deluxezone.net/category/plus-survivalop3a16.html]
[tienda.deluxezone.net/category/plus-survivalop06e8.html]
[tienda.deluxezone.net/category/plus-survivalop8e83.html]
[tienda.deluxezone.net/category/plus-survivalopde9d.html]
[tienda.deluxezone.net/category/plus-survivalop3dc6.html]
[tienda.deluxezone.net/category/plus-survivalop8f22.html]
[tienda.deluxezone.net/category/plus-survivalopdc8f.html]
[tienda.deluxezone.net/category/plus-survivalopbfa2.html]
[tienda.deluxezone.net/category/plus-survivalop5d1e.html]
[tienda.deluxezone.net/category/plus-survivalop0307.html]
[tienda.deluxezone.net/checkout/packages/add/4299318/single.html]
[tienda.deluxezone.net/checkout/packages/add/4299320/single.html]
[tienda.deluxezone.net/checkout/packages/add/4299321/single.html]
[tienda.deluxezone.net/checkout/packages/add/4917312/single.html]
[tienda.deluxezone.net/category/kits-survivalop741e.html]
[tienda.deluxezone.net/category/kits-survivalop3a16.html]
[tienda.deluxezone.net/category/kits-survivalop06e8.html]
[tienda.deluxezone.net/category/kits-survivalop8e83.html]
[tienda.deluxezone.net/category/kits-survivalopde9d.html]
[tienda.deluxezone.net/category/kits-survivalop3dc6.html]
[tienda.deluxezone.net/category/kits-survivalop8f22.html]
[tienda.deluxezone.net/category/kits-survivalopdc8f.html]
[tienda.deluxezone.net/category/kits-survivalopbfa2.html]
[tienda.deluxezone.net/category/kits-survivalop5d1e.html]
[tienda.deluxezone.net/category/kits-survivalop0307.html]
[tienda.deluxezone.net/checkout/packages/add/6197077/single.html]
[tienda.deluxezone.net/checkout/packages/add/4746196/single.html]
[tienda.deluxezone.net/checkout/packages/add/4746212/single.html]
[tienda.deluxezone.net/checkout/packages/add/4785874/single.html]
[tienda.deluxezone.net/checkout/packages/add/4746205/single.html]
[tienda.deluxezone.net/checkout/packages/add/6197081/single.html]
[tienda.deluxezone.net/checkout/packages/add/6197080/single.html]
[tienda.deluxezone.net/checkout/packages/add/4746231/single.html]
[tienda.deluxezone.net/checkout/packages/add/4464839/single.html]
[tienda.deluxezone.net/category/monedas-survivalop741e.html]
[tienda.deluxezone.net/category/monedas-survivalop3a16.html]
[tienda.deluxezone.net/category/monedas-survivalop06e8.html]
[tienda.deluxezone.net/category/monedas-survivalop8e83.html]
[tienda.deluxezone.net/category/monedas-survivalopde9d.html]
[tienda.deluxezone.net/category/monedas-survivalop3dc6.html]
[tienda.deluxezone.net/category/monedas-survivalop8f22.html]
[tienda.deluxezone.net/category/monedas-survivalopdc8f.html]
[tienda.deluxezone.net/category/monedas-survivalopbfa2.html]
[tienda.deluxezone.net/category/monedas-survivalop5d1e.html]
[tienda.deluxezone.net/category/monedas-survivalop0307.html]
[tienda.deluxezone.net/checkout/packages/add/4269443/single.html]
[tienda.deluxezone.net/checkout/packages/add/4269451/single.html]
[tienda.deluxezone.net/checkout/packages/add/4269452/single.html]
[tienda.deluxezone.net/category/llaves-1741e.html]
[tienda.deluxezone.net/category/llaves-13a16.html]
[tienda.deluxezone.net/category/llaves-106e8.html]
[tienda.deluxezone.net/category/llaves-18e83.html]
[tienda.deluxezone.net/category/llaves-1de9d.html]
[tienda.deluxezone.net/category/llaves-13dc6.html]
[tienda.deluxezone.net/category/llaves-18f22.html]
[tienda.deluxezone.net/category/llaves-1dc8f.html]
[tienda.deluxezone.net/category/llaves-1bfa2.html]
[tienda.deluxezone.net/category/llaves-15d1e.html]
[tienda.deluxezone.net/category/llaves-10307.html]
[tienda.deluxezone.net/category/spawner-survivalop741e.html]
[tienda.deluxezone.net/category/spawner-survivalop3a16.html]
[tienda.deluxezone.net/category/spawner-survivalop06e8.html]
[tienda.deluxezone.net/category/spawner-survivalop8e83.html]
[tienda.deluxezone.net/category/spawner-survivalopde9d.html]
[tienda.deluxezone.net/category/spawner-survivalop3dc6.html]
[tienda.deluxezone.net/category/spawner-survivalop8f22.html]
[tienda.deluxezone.net/category/spawner-survivalopdc8f.html]
[tienda.deluxezone.net/category/spawner-survivalopbfa2.html]
[tienda.deluxezone.net/category/spawner-survivalop5d1e.html]
[tienda.deluxezone.net/category/spawner-survivalop0307.html]
[tienda.deluxezone.net/checkout/packages/add/4920723/single.html]
[tienda.deluxezone.net/checkout/packages/add/4388027/single.html]
[tienda.deluxezone.net/checkout/packages/add/4388012/single.html]
[tienda.deluxezone.net/checkout/packages/add/4920731/single.html]
[tienda.deluxezone.net/checkout/packages/add/4388036/single.html]
[tienda.deluxezone.net/category/protecciones-survivalop741e.html]
[tienda.deluxezone.net/category/protecciones-survivalop3a16.html]
[tienda.deluxezone.net/category/protecciones-survivalop06e8.html]
[tienda.deluxezone.net/category/protecciones-survivalop8e83.html]
[tienda.deluxezone.net/category/protecciones-survivalopde9d.html]
[tienda.deluxezone.net/category/protecciones-survivalop3dc6.html]
[tienda.deluxezone.net/category/protecciones-survivalop8f22.html]
[tienda.deluxezone.net/category/protecciones-survivalopdc8f.html]
[tienda.deluxezone.net/category/protecciones-survivalopbfa2.html]
[tienda.deluxezone.net/category/protecciones-survivalop5d1e.html]
[tienda.deluxezone.net/category/protecciones-survivalop0307.html]
[tienda.deluxezone.net/checkout/packages/add/4640095/single.html]
[tienda.deluxezone.net/checkout/packages/add/5121284/single.html]
[tienda.deluxezone.net/checkout/packages/add/6202099/single.html]
[tienda.deluxezone.net/category/mochilas-survivalop741e.html]
[tienda.deluxezone.net/category/mochilas-survivalop3a16.html]
[tienda.deluxezone.net/category/mochilas-survivalop06e8.html]
[tienda.deluxezone.net/category/mochilas-survivalop8e83.html]
[tienda.deluxezone.net/category/mochilas-survivalopde9d.html]
[tienda.deluxezone.net/category/mochilas-survivalop3dc6.html]
[tienda.deluxezone.net/category/mochilas-survivalop8f22.html]
[tienda.deluxezone.net/category/mochilas-survivalopdc8f.html]
[tienda.deluxezone.net/category/mochilas-survivalopbfa2.html]
[tienda.deluxezone.net/category/mochilas-survivalop5d1e.html]
[tienda.deluxezone.net/category/mochilas-survivalop0307.html]
[tienda.deluxezone.net/checkout/packages/add/5121281/single.html]
[tienda.deluxezone.net/category/tags-survivalop741e.html]
[tienda.deluxezone.net/category/tags-survivalop3a16.html]
[tienda.deluxezone.net/category/tags-survivalop06e8.html]
[tienda.deluxezone.net/category/tags-survivalop8e83.html]
[tienda.deluxezone.net/category/tags-survivalopde9d.html]
[tienda.deluxezone.net/category/tags-survivalop3dc6.html]
[tienda.deluxezone.net/category/tags-survivalop8f22.html]
[tienda.deluxezone.net/category/tags-survivalopdc8f.html]
[tienda.deluxezone.net/category/tags-survivalopbfa2.html]
[tienda.deluxezone.net/category/tags-survivalop5d1e.html]
[tienda.deluxezone.net/category/tags-survivalop0307.html]
[tienda.deluxezone.net/checkout/packages/add/6106366/single.html]
[tienda.deluxezone.net/checkout/packages/add/4717225/single.html]
[tienda.deluxezone.net/checkout/packages/add/5680455/single.html]
[tienda.deluxezone.net/checkout/packages/add/5354727/single.html]
[tienda.deluxezone.net/category/sets741e.html]
[tienda.deluxezone.net/category/sets3a16.html]
[tienda.deluxezone.net/category/sets06e8.html]
[tienda.deluxezone.net/category/sets8e83.html]
[tienda.deluxezone.net/category/setsde9d.html]
[tienda.deluxezone.net/category/sets3dc6.html]
[tienda.deluxezone.net/category/sets8f22.html]
[tienda.deluxezone.net/category/setsdc8f.html]
[tienda.deluxezone.net/category/setsbfa2.html]
[tienda.deluxezone.net/category/sets5d1e.html]
[tienda.deluxezone.net/category/sets0307.html]
[tienda.deluxezone.net/checkout/packages/add/6291684/single.html]
[tienda.deluxezone.net/checkout/packages/add/6291694/single.html]
[tienda.deluxezone.net/checkout/packages/add/6291669/single.html]
[tienda.deluxezone.net/checkout/packages/add/5432271/single.html]
[tienda.deluxezone.net/checkout/packages/add/6037825/single.html]
[tienda.deluxezone.net/checkout/packages/add/6123724/single.html]
[tienda.deluxezone.net/category/itemsexclusivos-earth741e.html]
[tienda.deluxezone.net/category/itemsexclusivos-earth3a16.html]
[tienda.deluxezone.net/category/itemsexclusivos-earth06e8.html]
[tienda.deluxezone.net/category/itemsexclusivos-earth8e83.html]
[tienda.deluxezone.net/category/itemsexclusivos-earthde9d.html]
[tienda.deluxezone.net/category/itemsexclusivos-earth3dc6.html]
[tienda.deluxezone.net/category/itemsexclusivos-earth8f22.html]
[tienda.deluxezone.net/category/itemsexclusivos-earthdc8f.html]
[tienda.deluxezone.net/category/itemsexclusivos-earthbfa2.html]
[tienda.deluxezone.net/category/itemsexclusivos-earth5d1e.html]
[tienda.deluxezone.net/category/itemsexclusivos-earth0307.html]
[tienda.deluxezone.net/checkout/packages/add/6111303/single.html]
[tienda.deluxezone.net/checkout/packages/add/5249718/single.html]
[tienda.deluxezone.net/checkout/packages/add/6276493/single.html]
[tienda.deluxezone.net/checkout/packages/add/5249715/single.html]
[tienda.deluxezone.net/category/vehiculos741e.html]
[tienda.deluxezone.net/category/vehiculos3a16.html]
[tienda.deluxezone.net/category/vehiculos06e8.html]
[tienda.deluxezone.net/category/vehiculos8e83.html]
[tienda.deluxezone.net/category/vehiculosde9d.html]
[tienda.deluxezone.net/category/vehiculos3dc6.html]
[tienda.deluxezone.net/category/vehiculos8f22.html]
[tienda.deluxezone.net/category/vehiculosdc8f.html]
[tienda.deluxezone.net/category/vehiculosbfa2.html]
[tienda.deluxezone.net/category/vehiculos5d1e.html]
[tienda.deluxezone.net/category/vehiculos0307.html]
[tienda.deluxezone.net/checkout/packages/add/6291526/single.html]
[tienda.deluxezone.net/checkout/packages/add/6100577/single.html]
[tienda.deluxezone.net/checkout/packages/add/6100583/single.html]
[tienda.deluxezone.net/checkout/packages/add/6100573/single.html]
[tienda.deluxezone.net/checkout/packages/add/6100592/single.html]
[tienda.deluxezone.net/checkout/packages/add/6100596/single.html]
[tienda.deluxezone.net/checkout/packages/add/6100602/single.html]
[tienda.deluxezone.net/checkout/packages/add/6100603/single.html]
[tienda.deluxezone.net/checkout/packages/add/6100604/single.html]
[tienda.deluxezone.net/checkout/packages/add/6100605/single.html]
[tienda.deluxezone.net/checkout/packages/add/6100607/single.html]
[tienda.deluxezone.net/checkout/packages/add/6100610/single.html]
[tienda.deluxezone.net/category/plus-earth741e.html]
[tienda.deluxezone.net/category/plus-earth3a16.html]
[tienda.deluxezone.net/category/plus-earth06e8.html]
[tienda.deluxezone.net/category/plus-earth8e83.html]
[tienda.deluxezone.net/category/plus-earthde9d.html]
[tienda.deluxezone.net/category/plus-earth3dc6.html]
[tienda.deluxezone.net/category/plus-earth8f22.html]
[tienda.deluxezone.net/category/plus-earthdc8f.html]
[tienda.deluxezone.net/category/plus-earthbfa2.html]
[tienda.deluxezone.net/category/plus-earth5d1e.html]
[tienda.deluxezone.net/category/plus-earth0307.html]
[tienda.deluxezone.net/checkout/packages/add/5249680/single.html]
[tienda.deluxezone.net/checkout/packages/add/5249681/single.html]
[tienda.deluxezone.net/checkout/packages/add/5249682/single.html]
[tienda.deluxezone.net/checkout/packages/add/5249683/single.html]
[tienda.deluxezone.net/category/kits-earth741e.html]
[tienda.deluxezone.net/category/kits-earth3a16.html]
[tienda.deluxezone.net/category/kits-earth06e8.html]
[tienda.deluxezone.net/category/kits-earth8e83.html]
[tienda.deluxezone.net/category/kits-earthde9d.html]
[tienda.deluxezone.net/category/kits-earth3dc6.html]
[tienda.deluxezone.net/category/kits-earth8f22.html]
[tienda.deluxezone.net/category/kits-earthdc8f.html]
[tienda.deluxezone.net/category/kits-earthbfa2.html]
[tienda.deluxezone.net/category/kits-earth5d1e.html]
[tienda.deluxezone.net/category/kits-earth0307.html]
[tienda.deluxezone.net/checkout/packages/add/5249703/single.html]
[tienda.deluxezone.net/checkout/packages/add/5325979/single.html]
[tienda.deluxezone.net/checkout/packages/add/5249705/single.html]
[tienda.deluxezone.net/checkout/packages/add/5249707/single.html]
[tienda.deluxezone.net/checkout/packages/add/5249891/single.html]
[tienda.deluxezone.net/category/mascotas-earth741e.html]
[tienda.deluxezone.net/category/mascotas-earth3a16.html]
[tienda.deluxezone.net/category/mascotas-earth06e8.html]
[tienda.deluxezone.net/category/mascotas-earth8e83.html]
[tienda.deluxezone.net/category/mascotas-earthde9d.html]
[tienda.deluxezone.net/category/mascotas-earth3dc6.html]
[tienda.deluxezone.net/category/mascotas-earth8f22.html]
[tienda.deluxezone.net/category/mascotas-earthdc8f.html]
[tienda.deluxezone.net/category/mascotas-earthbfa2.html]
[tienda.deluxezone.net/category/mascotas-earth5d1e.html]
[tienda.deluxezone.net/category/mascotas-earth0307.html]
[tienda.deluxezone.net/checkout/packages/add/6386163/single.html]
[tienda.deluxezone.net/checkout/packages/add/6301328/single.html]
[tienda.deluxezone.net/checkout/packages/add/6301324/single.html]
[tienda.deluxezone.net/checkout/packages/add/6301317/single.html]
[tienda.deluxezone.net/checkout/packages/add/6036907/single.html]
[tienda.deluxezone.net/checkout/packages/add/6037104/single.html]
[tienda.deluxezone.net/checkout/packages/add/6055607/single.html]
[tienda.deluxezone.net/checkout/packages/add/5354681/single.html]
[tienda.deluxezone.net/checkout/packages/add/6037008/single.html]
[tienda.deluxezone.net/checkout/packages/add/6036906/single.html]
[tienda.deluxezone.net/checkout/packages/add/6036904/single.html]
[tienda.deluxezone.net/checkout/packages/add/6055612/single.html]
[tienda.deluxezone.net/category/monedas-earth741e.html]
[tienda.deluxezone.net/category/monedas-earth3a16.html]
[tienda.deluxezone.net/category/monedas-earth06e8.html]
[tienda.deluxezone.net/category/monedas-earth8e83.html]
[tienda.deluxezone.net/category/monedas-earthde9d.html]
[tienda.deluxezone.net/category/monedas-earth3dc6.html]
[tienda.deluxezone.net/category/monedas-earth8f22.html]
[tienda.deluxezone.net/category/monedas-earthdc8f.html]
[tienda.deluxezone.net/category/monedas-earthbfa2.html]
[tienda.deluxezone.net/category/monedas-earth5d1e.html]
[tienda.deluxezone.net/category/monedas-earth0307.html]
[tienda.deluxezone.net/checkout/packages/add/5249695/single.html]
[tienda.deluxezone.net/checkout/packages/add/5249696/single.html]
[tienda.deluxezone.net/checkout/packages/add/5249697/single.html]
[tienda.deluxezone.net/category/llaves-earth741e.html]
[tienda.deluxezone.net/category/llaves-earth3a16.html]
[tienda.deluxezone.net/category/llaves-earth06e8.html]
[tienda.deluxezone.net/category/llaves-earth8e83.html]
[tienda.deluxezone.net/category/llaves-earthde9d.html]
[tienda.deluxezone.net/category/llaves-earth3dc6.html]
[tienda.deluxezone.net/category/llaves-earth8f22.html]
[tienda.deluxezone.net/category/llaves-earthdc8f.html]
[tienda.deluxezone.net/category/llaves-earthbfa2.html]
[tienda.deluxezone.net/category/llaves-earth5d1e.html]
[tienda.deluxezone.net/category/llaves-earth0307.html]
[tienda.deluxezone.net/category/spawners-earth741e.html]
[tienda.deluxezone.net/category/spawners-earth3a16.html]
[tienda.deluxezone.net/category/spawners-earth06e8.html]
[tienda.deluxezone.net/category/spawners-earth8e83.html]
[tienda.deluxezone.net/category/spawners-earthde9d.html]
[tienda.deluxezone.net/category/spawners-earth3dc6.html]
[tienda.deluxezone.net/category/spawners-earth8f22.html]
[tienda.deluxezone.net/category/spawners-earthdc8f.html]
[tienda.deluxezone.net/category/spawners-earthbfa2.html]
[tienda.deluxezone.net/category/spawners-earth5d1e.html]
[tienda.deluxezone.net/category/spawners-earth0307.html]
[tienda.deluxezone.net/checkout/packages/add/5249698/single.html]
[tienda.deluxezone.net/checkout/packages/add/5249699/single.html]
[tienda.deluxezone.net/checkout/packages/add/5249700/single.html]
[tienda.deluxezone.net/checkout/packages/add/5249701/single.html]
[tienda.deluxezone.net/checkout/packages/add/5249702/single.html]
[tienda.deluxezone.net/category/mochilas-earth741e.html]
[tienda.deluxezone.net/category/mochilas-earth3a16.html]
[tienda.deluxezone.net/category/mochilas-earth06e8.html]
[tienda.deluxezone.net/category/mochilas-earth8e83.html]
[tienda.deluxezone.net/category/mochilas-earthde9d.html]
[tienda.deluxezone.net/category/mochilas-earth3dc6.html]
[tienda.deluxezone.net/category/mochilas-earth8f22.html]
[tienda.deluxezone.net/category/mochilas-earthdc8f.html]
[tienda.deluxezone.net/category/mochilas-earthbfa2.html]
[tienda.deluxezone.net/category/mochilas-earth5d1e.html]
[tienda.deluxezone.net/category/mochilas-earth0307.html]
[tienda.deluxezone.net/checkout/packages/add/5249728/single.html]
[tienda.deluxezone.net/category/tags-earth741e.html]
[tienda.deluxezone.net/category/tags-earth3a16.html]
[tienda.deluxezone.net/category/tags-earth06e8.html]
[tienda.deluxezone.net/category/tags-earth8e83.html]
[tienda.deluxezone.net/category/tags-earthde9d.html]
[tienda.deluxezone.net/category/tags-earth3dc6.html]
[tienda.deluxezone.net/category/tags-earth8f22.html]
[tienda.deluxezone.net/category/tags-earthdc8f.html]
[tienda.deluxezone.net/category/tags-earthbfa2.html]
[tienda.deluxezone.net/category/tags-earth5d1e.html]
[tienda.deluxezone.net/category/tags-earth0307.html]
[tienda.deluxezone.net/checkout/packages/add/6106368/single.html]
[tienda.deluxezone.net/checkout/packages/add/5249714/single.html]
[tienda.deluxezone.net/checkout/packages/add/5680463/single.html]
[tienda.deluxezone.net/checkout/packages/add/5354729/single.html]
[tienda.deluxezone.net/category/itemexclusivos-skyblock741e.html]
[tienda.deluxezone.net/category/itemexclusivos-skyblock3a16.html]
[tienda.deluxezone.net/category/itemexclusivos-skyblock06e8.html]
[tienda.deluxezone.net/category/itemexclusivos-skyblock8e83.html]
[tienda.deluxezone.net/category/itemexclusivos-skyblockde9d.html]
[tienda.deluxezone.net/category/itemexclusivos-skyblock3dc6.html]
[tienda.deluxezone.net/category/itemexclusivos-skyblock8f22.html]
[tienda.deluxezone.net/category/itemexclusivos-skyblockdc8f.html]
[tienda.deluxezone.net/category/itemexclusivos-skyblockbfa2.html]
[tienda.deluxezone.net/category/itemexclusivos-skyblock5d1e.html]
[tienda.deluxezone.net/category/itemexclusivos-skyblock0307.html]
[tienda.deluxezone.net/checkout/packages/add/5432276/single.html]
[tienda.deluxezone.net/checkout/packages/add/5038678/single.html]
[tienda.deluxezone.net/checkout/packages/add/5196581/single.html]
[tienda.deluxezone.net/checkout/packages/add/5432274/single.html]
[tienda.deluxezone.net/category/plus-skyblockop741e.html]
[tienda.deluxezone.net/category/plus-skyblockop3a16.html]
[tienda.deluxezone.net/category/plus-skyblockop06e8.html]
[tienda.deluxezone.net/category/plus-skyblockop8e83.html]
[tienda.deluxezone.net/category/plus-skyblockopde9d.html]
[tienda.deluxezone.net/category/plus-skyblockop3dc6.html]
[tienda.deluxezone.net/category/plus-skyblockop8f22.html]
[tienda.deluxezone.net/category/plus-skyblockopdc8f.html]
[tienda.deluxezone.net/category/plus-skyblockopbfa2.html]
[tienda.deluxezone.net/category/plus-skyblockop5d1e.html]
[tienda.deluxezone.net/category/plus-skyblockop0307.html]
[tienda.deluxezone.net/checkout/packages/add/5038644/single.html]
[tienda.deluxezone.net/checkout/packages/add/5038645/single.html]
[tienda.deluxezone.net/checkout/packages/add/5038646/single.html]
[tienda.deluxezone.net/checkout/packages/add/5038647/single.html]
[tienda.deluxezone.net/category/kits-skyblockop741e.html]
[tienda.deluxezone.net/category/kits-skyblockop3a16.html]
[tienda.deluxezone.net/category/kits-skyblockop06e8.html]
[tienda.deluxezone.net/category/kits-skyblockop8e83.html]
[tienda.deluxezone.net/category/kits-skyblockopde9d.html]
[tienda.deluxezone.net/category/kits-skyblockop3dc6.html]
[tienda.deluxezone.net/category/kits-skyblockop8f22.html]
[tienda.deluxezone.net/category/kits-skyblockopdc8f.html]
[tienda.deluxezone.net/category/kits-skyblockopbfa2.html]
[tienda.deluxezone.net/category/kits-skyblockop5d1e.html]
[tienda.deluxezone.net/category/kits-skyblockop0307.html]
[tienda.deluxezone.net/checkout/packages/add/5038667/single.html]
[tienda.deluxezone.net/checkout/packages/add/5038668/single.html]
[tienda.deluxezone.net/checkout/packages/add/5038673/single.html]
[tienda.deluxezone.net/checkout/packages/add/5038675/single.html]
[tienda.deluxezone.net/category/mascotas-skyblockop741e.html]
[tienda.deluxezone.net/category/mascotas-skyblockop3a16.html]
[tienda.deluxezone.net/category/mascotas-skyblockop06e8.html]
[tienda.deluxezone.net/category/mascotas-skyblockop8e83.html]
[tienda.deluxezone.net/category/mascotas-skyblockopde9d.html]
[tienda.deluxezone.net/category/mascotas-skyblockop3dc6.html]
[tienda.deluxezone.net/category/mascotas-skyblockop8f22.html]
[tienda.deluxezone.net/category/mascotas-skyblockopdc8f.html]
[tienda.deluxezone.net/category/mascotas-skyblockopbfa2.html]
[tienda.deluxezone.net/category/mascotas-skyblockop5d1e.html]
[tienda.deluxezone.net/category/mascotas-skyblockop0307.html]
[tienda.deluxezone.net/checkout/packages/add/5354703/single.html]
[tienda.deluxezone.net/checkout/packages/add/5354704/single.html]
[tienda.deluxezone.net/checkout/packages/add/5354705/single.html]
[tienda.deluxezone.net/checkout/packages/add/5354706/single.html]
[tienda.deluxezone.net/checkout/packages/add/5354707/single.html]
[tienda.deluxezone.net/checkout/packages/add/5354708/single.html]
[tienda.deluxezone.net/category/monedas-skyblockop741e.html]
[tienda.deluxezone.net/category/monedas-skyblockop3a16.html]
[tienda.deluxezone.net/category/monedas-skyblockop06e8.html]
[tienda.deluxezone.net/category/monedas-skyblockop8e83.html]
[tienda.deluxezone.net/category/monedas-skyblockopde9d.html]
[tienda.deluxezone.net/category/monedas-skyblockop3dc6.html]
[tienda.deluxezone.net/category/monedas-skyblockop8f22.html]
[tienda.deluxezone.net/category/monedas-skyblockopdc8f.html]
[tienda.deluxezone.net/category/monedas-skyblockopbfa2.html]
[tienda.deluxezone.net/category/monedas-skyblockop5d1e.html]
[tienda.deluxezone.net/category/monedas-skyblockop0307.html]
[tienda.deluxezone.net/checkout/packages/add/5038659/single.html]
[tienda.deluxezone.net/checkout/packages/add/5038660/single.html]
[tienda.deluxezone.net/checkout/packages/add/5038661/single.html]
[tienda.deluxezone.net/category/llaves-skyblockop741e.html]
[tienda.deluxezone.net/category/llaves-skyblockop3a16.html]
[tienda.deluxezone.net/category/llaves-skyblockop06e8.html]
[tienda.deluxezone.net/category/llaves-skyblockop8e83.html]
[tienda.deluxezone.net/category/llaves-skyblockopde9d.html]
[tienda.deluxezone.net/category/llaves-skyblockop3dc6.html]
[tienda.deluxezone.net/category/llaves-skyblockop8f22.html]
[tienda.deluxezone.net/category/llaves-skyblockopdc8f.html]
[tienda.deluxezone.net/category/llaves-skyblockopbfa2.html]
[tienda.deluxezone.net/category/llaves-skyblockop5d1e.html]
[tienda.deluxezone.net/category/llaves-skyblockop0307.html]
[tienda.deluxezone.net/category/spawners-skyblockop741e.html]
[tienda.deluxezone.net/category/spawners-skyblockop3a16.html]
[tienda.deluxezone.net/category/spawners-skyblockop06e8.html]
[tienda.deluxezone.net/category/spawners-skyblockop8e83.html]
[tienda.deluxezone.net/category/spawners-skyblockopde9d.html]
[tienda.deluxezone.net/category/spawners-skyblockop3dc6.html]
[tienda.deluxezone.net/category/spawners-skyblockop8f22.html]
[tienda.deluxezone.net/category/spawners-skyblockopdc8f.html]
[tienda.deluxezone.net/category/spawners-skyblockopbfa2.html]
[tienda.deluxezone.net/category/spawners-skyblockop5d1e.html]
[tienda.deluxezone.net/category/spawners-skyblockop0307.html]
[tienda.deluxezone.net/checkout/packages/add/5038662/single.html]
[tienda.deluxezone.net/checkout/packages/add/5038663/single.html]
[tienda.deluxezone.net/checkout/packages/add/5038664/single.html]
[tienda.deluxezone.net/checkout/packages/add/5038665/single.html]
[tienda.deluxezone.net/checkout/packages/add/5038666/single.html]
[tienda.deluxezone.net/category/mochilas-skyblockop741e.html]
[tienda.deluxezone.net/category/mochilas-skyblockop3a16.html]
[tienda.deluxezone.net/category/mochilas-skyblockop06e8.html]
[tienda.deluxezone.net/category/mochilas-skyblockop8e83.html]
[tienda.deluxezone.net/category/mochilas-skyblockopde9d.html]
[tienda.deluxezone.net/category/mochilas-skyblockop3dc6.html]
[tienda.deluxezone.net/category/mochilas-skyblockop8f22.html]
[tienda.deluxezone.net/category/mochilas-skyblockopdc8f.html]
[tienda.deluxezone.net/category/mochilas-skyblockopbfa2.html]
[tienda.deluxezone.net/category/mochilas-skyblockop5d1e.html]
[tienda.deluxezone.net/category/mochilas-skyblockop0307.html]
[tienda.deluxezone.net/checkout/packages/add/5121547/single.html]
[tienda.deluxezone.net/category/tags-skyblockop741e.html]
[tienda.deluxezone.net/category/tags-skyblockop3a16.html]
[tienda.deluxezone.net/category/tags-skyblockop06e8.html]
[tienda.deluxezone.net/category/tags-skyblockop8e83.html]
[tienda.deluxezone.net/category/tags-skyblockopde9d.html]
[tienda.deluxezone.net/category/tags-skyblockop3dc6.html]
[tienda.deluxezone.net/category/tags-skyblockop8f22.html]
[tienda.deluxezone.net/category/tags-skyblockopdc8f.html]
[tienda.deluxezone.net/category/tags-skyblockopbfa2.html]
[tienda.deluxezone.net/category/tags-skyblockop5d1e.html]
[tienda.deluxezone.net/category/tags-skyblockop0307.html]
[tienda.deluxezone.net/checkout/packages/add/6106367/single.html]
[tienda.deluxezone.net/checkout/packages/add/5038677/single.html]
[tienda.deluxezone.net/checkout/packages/add/5680462/single.html]
[tienda.deluxezone.net/checkout/packages/add/5354728/single.html]
[tienda.deluxezone.net/category/plus-semivanilla741e.html]
[tienda.deluxezone.net/category/plus-semivanilla3a16.html]
[tienda.deluxezone.net/category/plus-semivanilla06e8.html]
[tienda.deluxezone.net/category/plus-semivanilla8e83.html]
[tienda.deluxezone.net/category/plus-semivanillade9d.html]
[tienda.deluxezone.net/category/plus-semivanilla3dc6.html]
[tienda.deluxezone.net/category/plus-semivanilla8f22.html]
[tienda.deluxezone.net/category/plus-semivanilladc8f.html]
[tienda.deluxezone.net/category/plus-semivanillabfa2.html]
[tienda.deluxezone.net/category/plus-semivanilla5d1e.html]
[tienda.deluxezone.net/category/plus-semivanilla0307.html]
[tienda.deluxezone.net/checkout/packages/add/4918802/single.html]
[tienda.deluxezone.net/checkout/packages/add/4918803/single.html]
[tienda.deluxezone.net/checkout/packages/add/4918804/single.html]
[tienda.deluxezone.net/checkout/packages/add/4918805/single.html]
[tienda.deluxezone.net/category/kits-semivanilla741e.html]
[tienda.deluxezone.net/category/kits-semivanilla3a16.html]
[tienda.deluxezone.net/category/kits-semivanilla06e8.html]
[tienda.deluxezone.net/category/kits-semivanilla8e83.html]
[tienda.deluxezone.net/category/kits-semivanillade9d.html]
[tienda.deluxezone.net/category/kits-semivanilla3dc6.html]
[tienda.deluxezone.net/category/kits-semivanilla8f22.html]
[tienda.deluxezone.net/category/kits-semivanilladc8f.html]
[tienda.deluxezone.net/category/kits-semivanillabfa2.html]
[tienda.deluxezone.net/category/kits-semivanilla5d1e.html]
[tienda.deluxezone.net/category/kits-semivanilla0307.html]
[tienda.deluxezone.net/checkout/packages/add/5770735/single.html]
[tienda.deluxezone.net/checkout/packages/add/5770743/single.html]
[tienda.deluxezone.net/checkout/packages/add/4746478/single.html]
[tienda.deluxezone.net/checkout/packages/add/4746474/single.html]
[tienda.deluxezone.net/checkout/packages/add/4785876/single.html]
[tienda.deluxezone.net/checkout/packages/add/4746480/single.html]
[tienda.deluxezone.net/checkout/packages/add/4746484/single.html]
[tienda.deluxezone.net/checkout/packages/add/4388322/single.html]
[tienda.deluxezone.net/checkout/packages/add/4392019/single.html]
[tienda.deluxezone.net/checkout/packages/add/4393386/single.html]
[tienda.deluxezone.net/category/mascotas741e.html]
[tienda.deluxezone.net/category/mascotas3a16.html]
[tienda.deluxezone.net/category/mascotas06e8.html]
[tienda.deluxezone.net/category/mascotas8e83.html]
[tienda.deluxezone.net/category/mascotasde9d.html]
[tienda.deluxezone.net/category/mascotas3dc6.html]
[tienda.deluxezone.net/category/mascotas8f22.html]
[tienda.deluxezone.net/category/mascotasdc8f.html]
[tienda.deluxezone.net/category/mascotasbfa2.html]
[tienda.deluxezone.net/category/mascotas5d1e.html]
[tienda.deluxezone.net/category/mascotas0307.html]
[tienda.deluxezone.net/checkout/packages/add/6019811/single.html]
[tienda.deluxezone.net/checkout/packages/add/6019812/single.html]
[tienda.deluxezone.net/checkout/packages/add/6019813/single.html]
[tienda.deluxezone.net/checkout/packages/add/6019814/single.html]
[tienda.deluxezone.net/checkout/packages/add/6019815/single.html]
[tienda.deluxezone.net/checkout/packages/add/6019816/single.html]
[tienda.deluxezone.net/category/monedas-semivanilla741e.html]
[tienda.deluxezone.net/category/monedas-semivanilla3a16.html]
[tienda.deluxezone.net/category/monedas-semivanilla06e8.html]
[tienda.deluxezone.net/category/monedas-semivanilla8e83.html]
[tienda.deluxezone.net/category/monedas-semivanillade9d.html]
[tienda.deluxezone.net/category/monedas-semivanilla3dc6.html]
[tienda.deluxezone.net/category/monedas-semivanilla8f22.html]
[tienda.deluxezone.net/category/monedas-semivanilladc8f.html]
[tienda.deluxezone.net/category/monedas-semivanillabfa2.html]
[tienda.deluxezone.net/category/monedas-semivanilla5d1e.html]
[tienda.deluxezone.net/category/monedas-semivanilla0307.html]
[tienda.deluxezone.net/checkout/packages/add/4399553/single.html]
[tienda.deluxezone.net/checkout/packages/add/4399554/single.html]
[tienda.deluxezone.net/checkout/packages/add/4399555/single.html]
[tienda.deluxezone.net/category/llaves-semivanilla741e.html]
[tienda.deluxezone.net/category/llaves-semivanilla3a16.html]
[tienda.deluxezone.net/category/llaves-semivanilla06e8.html]
[tienda.deluxezone.net/category/llaves-semivanilla8e83.html]
[tienda.deluxezone.net/category/llaves-semivanillade9d.html]
[tienda.deluxezone.net/category/llaves-semivanilla3dc6.html]
[tienda.deluxezone.net/category/llaves-semivanilla8f22.html]
[tienda.deluxezone.net/category/llaves-semivanilladc8f.html]
[tienda.deluxezone.net/category/llaves-semivanillabfa2.html]
[tienda.deluxezone.net/category/llaves-semivanilla5d1e.html]
[tienda.deluxezone.net/category/llaves-semivanilla0307.html]
[tienda.deluxezone.net/category/spawners-semivanilla741e.html]
[tienda.deluxezone.net/category/spawners-semivanilla3a16.html]
[tienda.deluxezone.net/category/spawners-semivanilla06e8.html]
[tienda.deluxezone.net/category/spawners-semivanilla8e83.html]
[tienda.deluxezone.net/category/spawners-semivanillade9d.html]
[tienda.deluxezone.net/category/spawners-semivanilla3dc6.html]
[tienda.deluxezone.net/category/spawners-semivanilla8f22.html]
[tienda.deluxezone.net/category/spawners-semivanilladc8f.html]
[tienda.deluxezone.net/category/spawners-semivanillabfa2.html]
[tienda.deluxezone.net/category/spawners-semivanilla5d1e.html]
[tienda.deluxezone.net/category/spawners-semivanilla0307.html]
[tienda.deluxezone.net/checkout/packages/add/4920733/single.html]
[tienda.deluxezone.net/checkout/packages/add/4920734/single.html]
[tienda.deluxezone.net/checkout/packages/add/4920735/single.html]
[tienda.deluxezone.net/checkout/packages/add/4920736/single.html]
[tienda.deluxezone.net/checkout/packages/add/4920737/single.html]
[tienda.deluxezone.net/category/protecciones-semivanilla741e.html]
[tienda.deluxezone.net/category/protecciones-semivanilla3a16.html]
[tienda.deluxezone.net/category/protecciones-semivanilla06e8.html]
[tienda.deluxezone.net/category/protecciones-semivanilla8e83.html]
[tienda.deluxezone.net/category/protecciones-semivanillade9d.html]
[tienda.deluxezone.net/category/protecciones-semivanilla3dc6.html]
[tienda.deluxezone.net/category/protecciones-semivanilla8f22.html]
[tienda.deluxezone.net/category/protecciones-semivanilladc8f.html]
[tienda.deluxezone.net/category/protecciones-semivanillabfa2.html]
[tienda.deluxezone.net/category/protecciones-semivanilla5d1e.html]
[tienda.deluxezone.net/category/protecciones-semivanilla0307.html]
[tienda.deluxezone.net/checkout/packages/add/4640126/single.html]
[tienda.deluxezone.net/checkout/packages/add/5121247/single.html]
[tienda.deluxezone.net/category/mochilas-semivanilla741e.html]
[tienda.deluxezone.net/category/mochilas-semivanilla3a16.html]
[tienda.deluxezone.net/category/mochilas-semivanilla06e8.html]
[tienda.deluxezone.net/category/mochilas-semivanilla8e83.html]
[tienda.deluxezone.net/category/mochilas-semivanillade9d.html]
[tienda.deluxezone.net/category/mochilas-semivanilla3dc6.html]
[tienda.deluxezone.net/category/mochilas-semivanilla8f22.html]
[tienda.deluxezone.net/category/mochilas-semivanilladc8f.html]
[tienda.deluxezone.net/category/mochilas-semivanillabfa2.html]
[tienda.deluxezone.net/category/mochilas-semivanilla5d1e.html]
[tienda.deluxezone.net/category/mochilas-semivanilla0307.html]
[tienda.deluxezone.net/checkout/packages/add/5121280/single.html]
[tienda.deluxezone.net/category/tags-semivanilla741e.html]
[tienda.deluxezone.net/category/tags-semivanilla3a16.html]
[tienda.deluxezone.net/category/tags-semivanilla06e8.html]
[tienda.deluxezone.net/category/tags-semivanilla8e83.html]
[tienda.deluxezone.net/category/tags-semivanillade9d.html]
[tienda.deluxezone.net/category/tags-semivanilla3dc6.html]
[tienda.deluxezone.net/category/tags-semivanilla8f22.html]
[tienda.deluxezone.net/category/tags-semivanilladc8f.html]
[tienda.deluxezone.net/category/tags-semivanillabfa2.html]
[tienda.deluxezone.net/category/tags-semivanilla5d1e.html]
[tienda.deluxezone.net/category/tags-semivanilla0307.html]
[tienda.deluxezone.net/checkout/packages/add/6106369/single.html]
[tienda.deluxezone.net/checkout/packages/add/4916741/single.html]
[tienda.deluxezone.net/checkout/packages/add/5719629/single.html]
[tienda.deluxezone.net/checkout/packages/add/5354724/single.html]
[tienda.deluxezone.net/category/items-exclusi-1741e.html]
[tienda.deluxezone.net/category/items-exclusi-13a16.html]
[tienda.deluxezone.net/category/items-exclusi-106e8.html]
[tienda.deluxezone.net/category/items-exclusi-18e83.html]
[tienda.deluxezone.net/category/items-exclusi-1de9d.html]
[tienda.deluxezone.net/category/items-exclusi-13dc6.html]
[tienda.deluxezone.net/category/items-exclusi-18f22.html]
[tienda.deluxezone.net/category/items-exclusi-1dc8f.html]
[tienda.deluxezone.net/category/items-exclusi-1bfa2.html]
[tienda.deluxezone.net/category/items-exclusi-15d1e.html]
[tienda.deluxezone.net/category/items-exclusi-10307.html]
[tienda.deluxezone.net/checkout/packages/add/6366720/single.html]
[tienda.deluxezone.net/category/kits-1741e.html]
[tienda.deluxezone.net/category/kits-13a16.html]
[tienda.deluxezone.net/category/kits-106e8.html]
[tienda.deluxezone.net/category/kits-18e83.html]
[tienda.deluxezone.net/category/kits-1de9d.html]
[tienda.deluxezone.net/category/kits-13dc6.html]
[tienda.deluxezone.net/category/kits-18f22.html]
[tienda.deluxezone.net/category/kits-1dc8f.html]
[tienda.deluxezone.net/category/kits-1bfa2.html]
[tienda.deluxezone.net/category/kits-15d1e.html]
[tienda.deluxezone.net/category/kits-10307.html]
[tienda.deluxezone.net/checkout/packages/add/6366718/single.html]
[tienda.deluxezone.net/checkout/packages/add/6366719/single.html]
[tienda.deluxezone.net/category/monedas-1741e.html]
[tienda.deluxezone.net/category/monedas-13a16.html]
[tienda.deluxezone.net/category/monedas-106e8.html]
[tienda.deluxezone.net/category/monedas-18e83.html]
[tienda.deluxezone.net/category/monedas-1de9d.html]
[tienda.deluxezone.net/category/monedas-13dc6.html]
[tienda.deluxezone.net/category/monedas-18f22.html]
[tienda.deluxezone.net/category/monedas-1dc8f.html]
[tienda.deluxezone.net/category/monedas-1bfa2.html]
[tienda.deluxezone.net/category/monedas-15d1e.html]
[tienda.deluxezone.net/category/monedas-10307.html]
[tienda.deluxezone.net/checkout/packages/add/6366715/single.html]
[tienda.deluxezone.net/checkout/packages/add/6366716/single.html]
[tienda.deluxezone.net/checkout/packages/add/6366717/single.html]
[tienda.deluxezone.net/category/llaves-2741e.html]
[tienda.deluxezone.net/category/llaves-23a16.html]
[tienda.deluxezone.net/category/llaves-206e8.html]
[tienda.deluxezone.net/category/llaves-28e83.html]
[tienda.deluxezone.net/category/llaves-2de9d.html]
[tienda.deluxezone.net/category/llaves-23dc6.html]
[tienda.deluxezone.net/category/llaves-28f22.html]
[tienda.deluxezone.net/category/llaves-2dc8f.html]
[tienda.deluxezone.net/category/llaves-2bfa2.html]
[tienda.deluxezone.net/category/llaves-25d1e.html]
[tienda.deluxezone.net/category/llaves-20307.html]
[tienda.deluxezone.net/checkout/packages/add/6366701/single.html]
[tienda.deluxezone.net/checkout/packages/add/6366702/single.html]
[tienda.deluxezone.net/checkout/packages/add/6366703/single.html]
[tienda.deluxezone.net/checkout/packages/add/6366704/single.html]
[tienda.deluxezone.net/checkout/packages/add/6366709/single.html]
[tienda.deluxezone.net/checkout/packages/add/6366710/single.html]
[tienda.deluxezone.net/checkout/packages/add/6366711/single.html]
[tienda.deluxezone.net/checkout/packages/add/6366712/single.html]
[tienda.deluxezone.net/category/mochilas-1741e.html]
[tienda.deluxezone.net/category/mochilas-13a16.html]
[tienda.deluxezone.net/category/mochilas-106e8.html]
[tienda.deluxezone.net/category/mochilas-18e83.html]
[tienda.deluxezone.net/category/mochilas-1de9d.html]
[tienda.deluxezone.net/category/mochilas-13dc6.html]
[tienda.deluxezone.net/category/mochilas-18f22.html]
[tienda.deluxezone.net/category/mochilas-1dc8f.html]
[tienda.deluxezone.net/category/mochilas-1bfa2.html]
[tienda.deluxezone.net/category/mochilas-15d1e.html]
[tienda.deluxezone.net/category/mochilas-10307.html]
[tienda.deluxezone.net/checkout/packages/add/6366713/single.html]
[tienda.deluxezone.net/category/tags-1741e.html]
[tienda.deluxezone.net/category/tags-13a16.html]
[tienda.deluxezone.net/category/tags-106e8.html]
[tienda.deluxezone.net/category/tags-18e83.html]
[tienda.deluxezone.net/category/tags-1de9d.html]
[tienda.deluxezone.net/category/tags-13dc6.html]
[tienda.deluxezone.net/category/tags-18f22.html]
[tienda.deluxezone.net/category/tags-1dc8f.html]
[tienda.deluxezone.net/category/tags-1bfa2.html]
[tienda.deluxezone.net/category/tags-15d1e.html]
[tienda.deluxezone.net/category/tags-10307.html]
[tienda.deluxezone.net/checkout/packages/add/6366714/single.html]
[tienda.deluxezone.net/metodosdepago741e.html]
[tienda.deluxezone.net/metodosdepago3a16.html]
[tienda.deluxezone.net/metodosdepago06e8.html]
[tienda.deluxezone.net/metodosdepago8e83.html]
[tienda.deluxezone.net/metodosdepagode9d.html]
[tienda.deluxezone.net/metodosdepago3dc6.html]
[tienda.deluxezone.net/metodosdepago8f22.html]
[tienda.deluxezone.net/metodosdepagodc8f.html]
[tienda.deluxezone.net/metodosdepagobfa2.html]
[tienda.deluxezone.net/metodosdepago5d1e.html]
[tienda.deluxezone.net/metodosdepago0307.html]
[tienda.deluxezone.net/padres741e.html]
[tienda.deluxezone.net/padres3a16.html]
[tienda.deluxezone.net/padres06e8.html]
[tienda.deluxezone.net/padres8e83.html]
[tienda.deluxezone.net/padresde9d.html]
[tienda.deluxezone.net/padres3dc6.html]
[tienda.deluxezone.net/padres8f22.html]
[tienda.deluxezone.net/padresdc8f.html]
[tienda.deluxezone.net/padresbfa2.html]
[tienda.deluxezone.net/padres5d1e.html]
[tienda.deluxezone.net/padres0307.html]
[tienda.deluxezone.net/terms741e.html]
[tienda.deluxezone.net/terms3a16.html]
[tienda.deluxezone.net/terms06e8.html]
[tienda.deluxezone.net/terms8e83.html]
[tienda.deluxezone.net/termsde9d.html]
[tienda.deluxezone.net/terms3dc6.html]
[tienda.deluxezone.net/terms8f22.html]
[tienda.deluxezone.net/termsdc8f.html]
[tienda.deluxezone.net/termsbfa2.html]
[tienda.deluxezone.net/terms5d1e.html]
[tienda.deluxezone.net/terms0307.html]
[tienda.deluxezone.net/terms/impressum741e.html]
[tienda.deluxezone.net/terms/impressum3a16.html]
[tienda.deluxezone.net/terms/impressum06e8.html]
[tienda.deluxezone.net/terms/impressum8e83.html]
[tienda.deluxezone.net/terms/impressumde9d.html]
[tienda.deluxezone.net/terms/impressum3dc6.html]
[tienda.deluxezone.net/terms/impressum8f22.html]
[tienda.deluxezone.net/terms/impressumdc8f.html]
[tienda.deluxezone.net/terms/impressumbfa2.html]
[tienda.deluxezone.net/terms/impressum5d1e.html]
[tienda.deluxezone.net/terms/impressum0307.html]
[tienda.deluxezone.net/tebex-privacy741e.html]
[tienda.deluxezone.net/tebex-privacy3a16.html]
[tienda.deluxezone.net/tebex-privacy06e8.html]
[tienda.deluxezone.net/tebex-privacy8e83.html]
[tienda.deluxezone.net/tebex-privacyde9d.html]
[tienda.deluxezone.net/tebex-privacy3dc6.html]
[tienda.deluxezone.net/tebex-privacy8f22.html]
[tienda.deluxezone.net/tebex-privacydc8f.html]
[tienda.deluxezone.net/tebex-privacybfa2.html]
[tienda.deluxezone.net/tebex-privacy5d1e.html]
[tienda.deluxezone.net/tebex-privacy0307.html]
[tienda.deluxezone.net/terms/checkout741e.html]
[tienda.deluxezone.net/terms/checkout3a16.html]
[tienda.deluxezone.net/terms/checkout06e8.html]
[tienda.deluxezone.net/terms/checkout8e83.html]
[tienda.deluxezone.net/terms/checkoutde9d.html]
[tienda.deluxezone.net/terms/checkout3dc6.html]
[tienda.deluxezone.net/terms/checkout8f22.html]
[tienda.deluxezone.net/terms/checkoutdc8f.html]
[tienda.deluxezone.net/terms/checkoutbfa2.html]
[tienda.deluxezone.net/terms/checkout5d1e.html]
[tienda.deluxezone.net/terms/checkout0307.html]
[tienda.deluxezone.net/terms/privacy741e.html]
[tienda.deluxezone.net/terms/privacy3a16.html]
[tienda.deluxezone.net/terms/privacy06e8.html]
[tienda.deluxezone.net/terms/privacy8e83.html]
[tienda.deluxezone.net/terms/privacyde9d.html]
[tienda.deluxezone.net/terms/privacy3dc6.html]
[tienda.deluxezone.net/terms/privacy8f22.html]
[tienda.deluxezone.net/terms/privacydc8f.html]
[tienda.deluxezone.net/terms/privacybfa2.html]
[tienda.deluxezone.net/terms/privacy5d1e.html]
[tienda.deluxezone.net/terms/privacy0307.html]
[tienda.deluxezone.net/checkout/packages/add/4399234/single741e.html]
[tienda.deluxezone.net/checkout/packages/add/4399234/single3a16.html]
[tienda.deluxezone.net/checkout/packages/add/4399234/single06e8.html]
[tienda.deluxezone.net/checkout/packages/add/4399234/single8e83.html]
[tienda.deluxezone.net/checkout/packages/add/4399234/singlede9d.html]
[tienda.deluxezone.net/checkout/packages/add/4399234/single3dc6.html]
[tienda.deluxezone.net/checkout/packages/add/4399234/single8f22.html]
[tienda.deluxezone.net/checkout/packages/add/4399234/singledc8f.html]
[tienda.deluxezone.net/checkout/packages/add/4399234/singlebfa2.html]
[tienda.deluxezone.net/checkout/packages/add/4399234/single5d1e.html]
[tienda.deluxezone.net/checkout/packages/add/4399234/single0307.html]
[tienda.deluxezone.net/checkout/packages/add/4399276/single741e.html]
[tienda.deluxezone.net/checkout/packages/add/4399276/single3a16.html]
[tienda.deluxezone.net/checkout/packages/add/4399276/single06e8.html]
[tienda.deluxezone.net/checkout/packages/add/4399276/single8e83.html]
[tienda.deluxezone.net/checkout/packages/add/4399276/singlede9d.html]
[tienda.deluxezone.net/checkout/packages/add/4399276/single3dc6.html]
[tienda.deluxezone.net/checkout/packages/add/4399276/single8f22.html]
[tienda.deluxezone.net/checkout/packages/add/4399276/singledc8f.html]
[tienda.deluxezone.net/checkout/packages/add/4399276/singlebfa2.html]
[tienda.deluxezone.net/checkout/packages/add/4399276/single5d1e.html]
[tienda.deluxezone.net/checkout/packages/add/4399276/single0307.html]
[tienda.deluxezone.net/checkout/packages/add/4399345/single741e.html]
[tienda.deluxezone.net/checkout/packages/add/4399345/single3a16.html]
[tienda.deluxezone.net/checkout/packages/add/4399345/single06e8.html]
[tienda.deluxezone.net/checkout/packages/add/4399345/single8e83.html]
[tienda.deluxezone.net/checkout/packages/add/4399345/singlede9d.html]
[tienda.deluxezone.net/checkout/packages/add/4399345/single3dc6.html]
[tienda.deluxezone.net/checkout/packages/add/4399345/single8f22.html]
[tienda.deluxezone.net/checkout/packages/add/4399345/singledc8f.html]
[tienda.deluxezone.net/checkout/packages/add/4399345/singlebfa2.html]
[tienda.deluxezone.net/checkout/packages/add/4399345/single5d1e.html]
[tienda.deluxezone.net/checkout/packages/add/4399345/single0307.html]
[tienda.deluxezone.net/checkout/packages/add/4399363/single741e.html]
[tienda.deluxezone.net/checkout/packages/add/4399363/single3a16.html]
[tienda.deluxezone.net/checkout/packages/add/4399363/single06e8.html]
[tienda.deluxezone.net/checkout/packages/add/4399363/single8e83.html]
[tienda.deluxezone.net/checkout/packages/add/4399363/singlede9d.html]
[tienda.deluxezone.net/checkout/packages/add/4399363/single3dc6.html]
[tienda.deluxezone.net/checkout/packages/add/4399363/single8f22.html]
[tienda.deluxezone.net/checkout/packages/add/4399363/singledc8f.html]
[tienda.deluxezone.net/checkout/packages/add/4399363/singlebfa2.html]
[tienda.deluxezone.net/checkout/packages/add/4399363/single5d1e.html]
[tienda.deluxezone.net/checkout/packages/add/4399363/single0307.html]
[tienda.deluxezone.net/checkout/packages/add/4399374/single741e.html]
[tienda.deluxezone.net/checkout/packages/add/4399374/single3a16.html]
[tienda.deluxezone.net/checkout/packages/add/4399374/single06e8.html]
[tienda.deluxezone.net/checkout/packages/add/4399374/single8e83.html]
[tienda.deluxezone.net/checkout/packages/add/4399374/singlede9d.html]
[tienda.deluxezone.net/checkout/packages/add/4399374/single3dc6.html]
[tienda.deluxezone.net/checkout/packages/add/4399374/single8f22.html]
[tienda.deluxezone.net/checkout/packages/add/4399374/singledc8f.html]
[tienda.deluxezone.net/checkout/packages/add/4399374/singlebfa2.html]
[tienda.deluxezone.net/checkout/packages/add/4399374/single5d1e.html]
[tienda.deluxezone.net/checkout/packages/add/4399374/single0307.html]
[cdn.tebex.io/webstore/924789/images/924789-445807677da851728ec0cf952ff1d976fb49f071.png]
[cdn.tebex.io/webstore/924789/images/924789-d0842c0444d790551350087d1c3a407f64641a89.jpg]
[cdnjs.cloudflare.com/ajax/libs/jquery/3.5.1/jquery.min.js]
[cdn.jsdelivr.net/gh/rosu-catalin/deluxecdn@latest/style.min.css]
[unpkg.com/axios@1.0.0/dist/axios.min.js]
[cdnjs.cloudflare.com/ajax/libs/sweetalert/2.1.2/sweetalert.min.js]
[cdnjs.cloudflare.com/ajax/libs/izimodal/1.5.1/js/iziModal.min.js]
[cdnjs.cloudflare.com/ajax/libs/font-awesome/5.14.0/webfonts/fa-brands-400.svg]
[sdk.nsureapi.com/sdk.js]
[cdnjs.cloudflare.com/ajax/libs/font-awesome/5.14.0/webfonts/fa-regular-400.svg]
[cdnjs.cloudflare.com/ajax/libs/font-awesome/5.14.0/css/all.min.css]
[cdnjs.cloudflare.com/ajax/libs/MaterialDesign-Webfont/6.9.96/css/materialdesignicons.min.css]
[cdnjs.cloudflare.com/ajax/libs/izimodal/1.5.1/css/iziModal.min.css]
[cdnjs.cloudflare.com/ajax/libs/izitoast/1.4.0/css/iziToast.min.css]
[cdn.jsdelivr.net/npm/simplebar@latest/dist/simplebar.css]
[cdn.jsdelivr.net/npm/toastify-js/src/toastify.min.css]
[cdnjs.cloudflare.com/ajax/libs/font-awesome/5.14.0/webfonts/fa-solid-900.svg]
[tienda.deluxezone.net/index741e.html]
[cdn.discordapp.com/attachments/455777545485549589/785783911585284106/tail-spin.svg]
[tienda.deluxezone.net/category/rangos-globales.html]
[tienda.deluxezone.net/category/rangos-globales741e.html]
[tienda.deluxezone.net/checkout/packages/add/4399234/single.html]
[tienda.deluxezone.net/checkout/packages/add/4399276/single.html]
[tienda.deluxezone.net/checkout/packages/add/4399345/single.html]
[tienda.deluxezone.net/checkout/packages/add/4399363/single.html]
[tienda.deluxezone.net/checkout/packages/add/4399374/single.html]
[tienda.deluxezone.net/checkout/packages/add/4828762/single.html]
[tienda.deluxezone.net/checkout/packages/add/4828764/single.html]
[tienda.deluxezone.net/checkout/packages/add/4242105/single.html]
[tienda.deluxezone.net/checkout/packages/add/4242172/single.html]
[tienda.deluxezone.net/checkout/packages/add/4242183/single.html]
[tienda.deluxezone.net/checkout/packages/add/4242184/single.html]
[tienda.deluxezone.net/checkout/packages/add/4242185/single.html]
[tienda.deluxezone.net/checkout/packages/add/4916531/single.html]
[tienda.deluxezone.net/checkout/packages/add/4916532/single.html]
[tienda.deluxezone.net/checkout/packages/add/4379464/single.html]
[tienda.deluxezone.net/checkout/packages/add/4379465/single.html]
[tienda.deluxezone.net/checkout/packages/add/4379466/single.html]
[tienda.deluxezone.net/checkout/packages/add/4379467/single.html]
[tienda.deluxezone.net/checkout/packages/add/4379468/single.html]
[tienda.deluxezone.net/checkout/packages/add/5725025/single.html]
[tienda.deluxezone.net/checkout/packages/add/6106371/single.html]
[tienda.deluxezone.net/checkout/packages/add/6159654/single.html]
[tienda.deluxezone.net/checkout/packages/add/6159668/single.html]
[tienda.deluxezone.net/checkout/packages/add/6159672/single.html]
[tienda.deluxezone.net/checkout/packages/add/5739298/single.html]
[tienda.deluxezone.net/category/itemsexclusivos-survival741e.html]
[tienda.deluxezone.net/checkout/packages/add/5570865/single.html]
[tienda.deluxezone.net/checkout/packages/add/4921326/single.html]
[tienda.deluxezone.net/checkout/packages/add/5049754/single.html]
[tienda.deluxezone.net/checkout/packages/add/5155083/single.html]
[tienda.deluxezone.net/checkout/packages/add/6436925/single.html]
[tienda.deluxezone.net/checkout/packages/add/6418107/single.html]
[tienda.deluxezone.net/checkout/packages/add/6310429/single.html]
[tienda.deluxezone.net/checkout/packages/add/4985254/single.html]
[tienda.deluxezone.net/checkout/packages/add/6253563/single.html]
[tienda.deluxezone.net/checkout/packages/add/5249716/single.html]
[tienda.deluxezone.net/checkout/packages/add/5430021/single.html]
[tienda.deluxezone.net/checkout/packages/add/4299318/single.html]
[tienda.deluxezone.net/checkout/packages/add/4299320/single.html]
[tienda.deluxezone.net/checkout/packages/add/4299321/single.html]
[tienda.deluxezone.net/checkout/packages/add/4917312/single.html]
[tienda.deluxezone.net/checkout/packages/add/4269443/single.html]
[tienda.deluxezone.net/checkout/packages/add/4269451/single.html]
[tienda.deluxezone.net/checkout/packages/add/4269452/single.html]
[tienda.deluxezone.net/checkout/packages/add/4920723/single.html]
[tienda.deluxezone.net/checkout/packages/add/4388027/single.html]
[tienda.deluxezone.net/checkout/packages/add/4388012/single.html]
[tienda.deluxezone.net/checkout/packages/add/4920731/single.html]
[tienda.deluxezone.net/checkout/packages/add/4388036/single.html]
[tienda.deluxezone.net/checkout/packages/add/4640095/single.html]
[tienda.deluxezone.net/checkout/packages/add/5121284/single.html]
[tienda.deluxezone.net/checkout/packages/add/6202099/single.html]
[tienda.deluxezone.net/checkout/packages/add/5121281/single.html]
[tienda.deluxezone.net/checkout/packages/add/4717225/single.html]
[tienda.deluxezone.net/checkout/packages/add/5680455/single.html]
[tienda.deluxezone.net/checkout/packages/add/6291684/single.html]
[tienda.deluxezone.net/checkout/packages/add/6291694/single.html]
[tienda.deluxezone.net/checkout/packages/add/6291669/single.html]
[tienda.deluxezone.net/checkout/packages/add/5432271/single.html]
[tienda.deluxezone.net/checkout/packages/add/6037825/single.html]
[tienda.deluxezone.net/checkout/packages/add/6123724/single.html]
[tienda.deluxezone.net/checkout/packages/add/5249718/single.html]
[tienda.deluxezone.net/checkout/packages/add/6276493/single.html]
[tienda.deluxezone.net/checkout/packages/add/5249715/single.html]
[tienda.deluxezone.net/checkout/packages/add/6291526/single.html]
[tienda.deluxezone.net/checkout/packages/add/6100577/single.html]
[tienda.deluxezone.net/checkout/packages/add/6100583/single.html]
[tienda.deluxezone.net/checkout/packages/add/6100573/single.html]
[tienda.deluxezone.net/checkout/packages/add/6100592/single.html]
[tienda.deluxezone.net/checkout/packages/add/6100596/single.html]
[tienda.deluxezone.net/checkout/packages/add/6100602/single.html]
[tienda.deluxezone.net/checkout/packages/add/6100603/single.html]
[tienda.deluxezone.net/checkout/packages/add/6100604/single.html]
[tienda.deluxezone.net/checkout/packages/add/6100605/single.html]
[tienda.deluxezone.net/checkout/packages/add/6100607/single.html]
[tienda.deluxezone.net/checkout/packages/add/6100610/single.html]
[tienda.deluxezone.net/checkout/packages/add/6386163/single.html]
[tienda.deluxezone.net/checkout/packages/add/6301328/single.html]
[tienda.deluxezone.net/checkout/packages/add/6301324/single.html]
[tienda.deluxezone.net/checkout/packages/add/6301317/single.html]
[tienda.deluxezone.net/checkout/packages/add/6036907/single.html]
[tienda.deluxezone.net/checkout/packages/add/6037104/single.html]
[tienda.deluxezone.net/checkout/packages/add/6055607/single.html]
[tienda.deluxezone.net/checkout/packages/add/5354681/single.html]
[tienda.deluxezone.net/checkout/packages/add/6037008/single.html]
[tienda.deluxezone.net/checkout/packages/add/6036906/single.html]
[tienda.deluxezone.net/checkout/packages/add/6036904/single.html]
[tienda.deluxezone.net/checkout/packages/add/6055612/single.html]
[tienda.deluxezone.net/checkout/packages/add/5249728/single.html]
[tienda.deluxezone.net/checkout/packages/add/5432276/single.html]
[tienda.deluxezone.net/checkout/packages/add/5038678/single.html]
[tienda.deluxezone.net/checkout/packages/add/5196581/single.html]
[tienda.deluxezone.net/checkout/packages/add/5432274/single.html]
[tienda.deluxezone.net/checkout/packages/add/5038644/single.html]
[tienda.deluxezone.net/checkout/packages/add/5038645/single.html]
[tienda.deluxezone.net/checkout/packages/add/5038646/single.html]
[tienda.deluxezone.net/checkout/packages/add/5038647/single.html]
[tienda.deluxezone.net/checkout/packages/add/5121547/single.html]
[tienda.deluxezone.net/checkout/packages/add/4918802/single.html]
[tienda.deluxezone.net/checkout/packages/add/4918803/single.html]
[tienda.deluxezone.net/checkout/packages/add/4918804/single.html]
[tienda.deluxezone.net/checkout/packages/add/4918805/single.html]
[tienda.deluxezone.net/checkout/packages/add/4399553/single.html]
[tienda.deluxezone.net/checkout/packages/add/4399554/single.html]
[tienda.deluxezone.net/checkout/packages/add/4399555/single.html]
[tienda.deluxezone.net/checkout/packages/add/4640126/single.html]
[tienda.deluxezone.net/checkout/packages/add/5121247/single.html]
[tienda.deluxezone.net/checkout/packages/add/5121280/single.html]
[tienda.deluxezone.net/checkout/packages/add/6366720/single.html]
[tienda.deluxezone.net/checkout/packages/add/6366701/single.html]
[tienda.deluxezone.net/checkout/packages/add/6366702/single.html]
[tienda.deluxezone.net/checkout/packages/add/6366703/single.html]
[tienda.deluxezone.net/checkout/packages/add/6366704/single.html]
[tienda.deluxezone.net/checkout/packages/add/6366709/single.html]
[tienda.deluxezone.net/checkout/packages/add/6366713/single.html]
[tienda.deluxezone.net/padres741e.html]
[cdn.discordapp.com/attachments/987015543989080104/1029797840161099827/unknown.png]
[cdnjs.cloudflare.com/ajax/libs/font-awesome/5.14.0/webfonts/fa-brands-400.svg]
[cdnjs.cloudflare.com/ajax/libs/font-awesome/5.14.0/webfonts/fa-regular-400.svg]
[cdnjs.cloudflare.com/ajax/libs/font-awesome/5.14.0/webfonts/fa-solid-900.svg]
